#
# There is insufficient memory for the Java Runtime Environment to continue.
# Native memory allocation (malloc) failed to allocate 518160 bytes for Chunk::new
# Possible reasons:
#   The system is out of physical RAM or swap space
#   The process is running with CompressedOops enabled, and the Java Heap may be blocking the growth of the native heap
# Possible solutions:
#   Reduce memory load on the system
#   Increase physical memory or swap space
#   Check if swap backing store is full
#   Decrease Java heap size (-Xmx/-Xms)
#   Decrease number of Java threads
#   Decrease Java thread stack sizes (-Xss)
#   Set larger code cache with -XX:ReservedCodeCacheSize=
#   JVM is running with Zero Based Compressed Oops mode in which the Java heap is
#     placed in the first 32GB address space. The Java Heap base address is the
#     maximum limit for the native heap growth. Please use -XX:HeapBaseMinAddress
#     to set the Java Heap base and to place the Java Heap above 32GB virtual address.
# This output file may be truncated or incomplete.
#
#  Out of Memory Error (arena.cpp:189), pid=19268, tid=22004
#
# JRE version: Java(TM) SE Runtime Environment (17.0.12+8) (build 17.0.12+8-LTS-286)
# Java VM: Java HotSpot(TM) 64-Bit Server VM (17.0.12+8-LTS-286, mixed mode, sharing, tiered, compressed oops, compressed class ptrs, g1 gc, windows-amd64)
# No core dump will be written. Minidumps are not enabled by default on client versions of Windows
#

---------------  S U M M A R Y ------------

Command Line: --enable-native-access=ALL-UNNAMED -Dfile.encoding=UTF-8 -Dclassworlds.conf=C:\Program Files\JetBrains\IntelliJ IDEA 2026.2.3\plugins\maven-plugin\lib\maven3\bin\m2.conf -Dmaven.home=C:\Program Files\JetBrains\IntelliJ IDEA 2026.2.3\plugins\maven-plugin\lib\maven3 -Dlibrary.jansi.path=C:\Program Files\JetBrains\IntelliJ IDEA 2026.2.3\plugins\maven-plugin\lib\maven3\lib\jansi-native -Dmaven.multiModuleProjectDirectory=C:\Users\RIADH\IdeaProjects\AutoLoc org.codehaus.plexus.classworlds.launcher.Launcher -Didea.version=2026.2.3 -Dmaven.ext.class.path=C:\Program Files\JetBrains\IntelliJ IDEA 2026.2.3\plugins\maven-plugin\lib\intellij.maven.rt\maven-event-listener.jar -Djansi.passthrough=true -Dstyle.color=always -Dmaven.repo.local=C:\Users\RIADH\.m2\repository clean -f pom.xml

Host: 12th Gen Intel(R) Core(TM) i5-1235U, 12 cores, 15G,  Windows 11 , 64 bit Build 26100 (10.0.26100.9444)
Time: Sun Sep 27 21:43:31 2026 Morocco Standard Time elapsed time: 2.800499 seconds (0d 0h 0m 2s)

---------------  T H R E A D  ---------------

Current thread (0x000001381186e9c0):  JavaThread "C2 CompilerThread2" daemon [_thread_in_native, id=22004, stack(0x0000001b69500000,0x0000001b69600000)]


Current CompileTask:
C2:   2800 2802       4       org.codehaus.plexus.util.xml.pull.MXParser::nextImpl (1208 bytes)

Stack: [0x0000001b69500000,0x0000001b69600000]
Native frames: (J=compiled Java code, j=interpreted, Vv=VM code, C=native code)
V  [jvm.dll+0x67a04a]
V  [jvm.dll+0x7da4ed]
V  [jvm.dll+0x7dbe33]
V  [jvm.dll+0x7dc4a3]
V  [jvm.dll+0x24508f]
V  [jvm.dll+0xab773]
V  [jvm.dll+0xabd3c]
V  [jvm.dll+0x361bee]
V  [jvm.dll+0x32c431]
V  [jvm.dll+0x32b8ca]
V  [jvm.dll+0x21683f]
V  [jvm.dll+0x215c6f]
V  [jvm.dll+0x1a2960]
V  [jvm.dll+0x22610b]
V  [jvm.dll+0x2242ab]
V  [jvm.dll+0x79075c]
V  [jvm.dll+0x78abea]
V  [jvm.dll+0x678f35]
C  [ucrtbase.dll+0x2cd30]
C  [KERNEL32.DLL+0x2cd87]
C  [ntdll.dll+0xacaec]


---------------  P R O C E S S  ---------------

Threads class SMR info:
_java_thread_list=0x0000013811a0c080, length=15, elements={
0x00000137a7e08780, 0x00000137ca40ac00, 0x00000137ca40b6d0, 0x00000137ca420610,
0x00000137ca420ee0, 0x00000137ca4217b0, 0x00000137ca422080, 0x00000137ca424c90,
0x00000137ca4296a0, 0x00000137ca43dfd0, 0x000001380c1a6d00, 0x000001380c1b3e30,
0x000001380c219f10, 0x000001381186e9c0, 0x0000013811a1e080
}

Java Threads: ( => current thread )
  0x00000137a7e08780 JavaThread "main" [_thread_in_native, id=9608, stack(0x0000001b67b00000,0x0000001b67c00000)]
  0x00000137ca40ac00 JavaThread "Reference Handler" daemon [_thread_blocked, id=14340, stack(0x0000001b68200000,0x0000001b68300000)]
  0x00000137ca40b6d0 JavaThread "Finalizer" daemon [_thread_blocked, id=7204, stack(0x0000001b68300000,0x0000001b68400000)]
  0x00000137ca420610 JavaThread "Signal Dispatcher" daemon [_thread_blocked, id=23056, stack(0x0000001b68400000,0x0000001b68500000)]
  0x00000137ca420ee0 JavaThread "Attach Listener" daemon [_thread_blocked, id=17448, stack(0x0000001b68500000,0x0000001b68600000)]
  0x00000137ca4217b0 JavaThread "Service Thread" daemon [_thread_blocked, id=7276, stack(0x0000001b68600000,0x0000001b68700000)]
  0x00000137ca422080 JavaThread "Monitor Deflation Thread" daemon [_thread_blocked, id=7876, stack(0x0000001b68700000,0x0000001b68800000)]
  0x00000137ca424c90 JavaThread "C2 CompilerThread0" daemon [_thread_blocked, id=15196, stack(0x0000001b68800000,0x0000001b68900000)]
  0x00000137ca4296a0 JavaThread "C1 CompilerThread0" daemon [_thread_blocked, id=22424, stack(0x0000001b68900000,0x0000001b68a00000)]
  0x00000137ca43dfd0 JavaThread "Sweeper thread" daemon [_thread_blocked, id=6960, stack(0x0000001b68a00000,0x0000001b68b00000)]
  0x000001380c1a6d00 JavaThread "Notification Thread" daemon [_thread_blocked, id=23100, stack(0x0000001b68b00000,0x0000001b68c00000)]
  0x000001380c1b3e30 JavaThread "Common-Cleaner" daemon [_thread_blocked, id=21900, stack(0x0000001b68d00000,0x0000001b68e00000)]
  0x000001380c219f10 JavaThread "C2 CompilerThread1" daemon [_thread_blocked, id=6116, stack(0x0000001b68e00000,0x0000001b68f00000)]
=>0x000001381186e9c0 JavaThread "C2 CompilerThread2" daemon [_thread_in_native, id=22004, stack(0x0000001b69500000,0x0000001b69600000)]
  0x0000013811a1e080 JavaThread "Thread-1" daemon [_thread_blocked, id=948, stack(0x0000001b69700000,0x0000001b69800000)]

Other Threads:
  0x00000137ca404690 VMThread "VM Thread" [stack: 0x0000001b68100000,0x0000001b68200000] [id=12188]
  0x00000137ca273270 WatcherThread [stack: 0x0000001b68c00000,0x0000001b68d00000] [id=8356]
  0x00000137a7e72550 GCTaskThread "GC Thread#0" [stack: 0x0000001b67c00000,0x0000001b67d00000] [id=2608]
  0x000001380c1c9a90 GCTaskThread "GC Thread#1" [stack: 0x0000001b68f00000,0x0000001b69000000] [id=19092]
  0x000001380c1c8490 GCTaskThread "GC Thread#2" [stack: 0x0000001b69000000,0x0000001b69100000] [id=13052]
  0x000001380c1c7f10 GCTaskThread "GC Thread#3" [stack: 0x0000001b69100000,0x0000001b69200000] [id=16356]
  0x000001380c1c81d0 GCTaskThread "GC Thread#4" [stack: 0x0000001b69200000,0x0000001b69300000] [id=4768]
  0x000001380c1c8750 GCTaskThread "GC Thread#5" [stack: 0x0000001b69300000,0x0000001b69400000] [id=18584]
  0x000001380c1c8a10 GCTaskThread "GC Thread#6" [stack: 0x0000001b69400000,0x0000001b69500000] [id=12132]
  0x000001380c1c8f90 GCTaskThread "GC Thread#7" [stack: 0x0000001b69600000,0x0000001b69700000] [id=18052]
  0x00000137a7ec17b0 ConcurrentGCThread "G1 Main Marker" [stack: 0x0000001b67d00000,0x0000001b67e00000] [id=4504]
  0x00000137a7ecb860 ConcurrentGCThread "G1 Conc#0" [stack: 0x0000001b67e00000,0x0000001b67f00000] [id=19820]
  0x00000137ca33bd10 ConcurrentGCThread "G1 Refine#0" [stack: 0x0000001b67f00000,0x0000001b68000000] [id=3436]
  0x00000137ca33e510 ConcurrentGCThread "G1 Service" [stack: 0x0000001b68000000,0x0000001b68100000] [id=21888]

Threads with active compile tasks:
C2 CompilerThread2     2847 2802       4       org.codehaus.plexus.util.xml.pull.MXParser::nextImpl (1208 bytes)

VM state: not at safepoint (normal execution)

VM Mutex/Monitor currently owned by a thread: None

Heap address: 0x0000000704e00000, size: 4018 MB, Compressed Oops mode: Zero based, Oop shift amount: 3

CDS archive(s) mapped at: [0x00000137cb000000-0x00000137cbbd0000-0x00000137cbbd0000), size 12386304, SharedBaseAddress: 0x00000137cb000000, ArchiveRelocationMode: 1.
Compressed class space mapped at: 0x00000137cc000000-0x000001380c000000, reserved size: 1073741824
Narrow klass base: 0x00000137cb000000, Narrow klass shift: 0, Narrow klass range: 0x100000000

GC Precious Log:
 CPUs: 12 total, 12 available
 Memory: 16069M
 Large Page Support: Disabled
 NUMA Support: Disabled
 Compressed Oops: Enabled (Zero based)
 Heap Region Size: 2M
 Heap Min Capacity: 8M
 Heap Initial Capacity: 252M
 Heap Max Capacity: 4018M
 Pre-touch: Disabled
 Parallel Workers: 10
 Concurrent Workers: 3
 Concurrent Refinement Workers: 10
 Periodic GC: Disabled

Heap:
 garbage-first heap   total 258048K, used 57899K [0x0000000704e00000, 0x0000000800000000)
  region size 2048K, 28 young (57344K), 1 survivors (2048K)
 Metaspace       used 14455K, committed 14656K, reserved 1114112K
  class space    used 1773K, committed 1856K, reserved 1048576K

Heap Regions: E=young(eden), S=young(survivor), O=old, HS=humongous(starts), HC=humongous(continues), CS=collection set, F=free, OA=open archive, CA=closed archive, TAMS=top-at-mark-start (previous, next)
|   0|0x0000000704e00000, 0x0000000705000000, 0x0000000705000000|100%| O|  |TAMS 0x0000000704e00000, 0x0000000704e00000| Untracked 
|   1|0x0000000705000000, 0x0000000705145800, 0x0000000705200000| 63%| O|  |TAMS 0x0000000705000000, 0x0000000705000000| Untracked 
|   2|0x0000000705200000, 0x0000000705200000, 0x0000000705400000|  0%| F|  |TAMS 0x0000000705200000, 0x0000000705200000| Untracked 
|   3|0x0000000705400000, 0x0000000705400000, 0x0000000705600000|  0%| F|  |TAMS 0x0000000705400000, 0x0000000705400000| Untracked 
|   4|0x0000000705600000, 0x0000000705600000, 0x0000000705800000|  0%| F|  |TAMS 0x0000000705600000, 0x0000000705600000| Untracked 
|   5|0x0000000705800000, 0x0000000705800000, 0x0000000705a00000|  0%| F|  |TAMS 0x0000000705800000, 0x0000000705800000| Untracked 
|   6|0x0000000705a00000, 0x0000000705a00000, 0x0000000705c00000|  0%| F|  |TAMS 0x0000000705a00000, 0x0000000705a00000| Untracked 
|   7|0x0000000705c00000, 0x0000000705c00000, 0x0000000705e00000|  0%| F|  |TAMS 0x0000000705c00000, 0x0000000705c00000| Untracked 
|   8|0x0000000705e00000, 0x0000000705e00000, 0x0000000706000000|  0%| F|  |TAMS 0x0000000705e00000, 0x0000000705e00000| Untracked 
|   9|0x0000000706000000, 0x0000000706000000, 0x0000000706200000|  0%| F|  |TAMS 0x0000000706000000, 0x0000000706000000| Untracked 
|  10|0x0000000706200000, 0x0000000706200000, 0x0000000706400000|  0%| F|  |TAMS 0x0000000706200000, 0x0000000706200000| Untracked 
|  11|0x0000000706400000, 0x0000000706400000, 0x0000000706600000|  0%| F|  |TAMS 0x0000000706400000, 0x0000000706400000| Untracked 
|  12|0x0000000706600000, 0x0000000706600000, 0x0000000706800000|  0%| F|  |TAMS 0x0000000706600000, 0x0000000706600000| Untracked 
|  13|0x0000000706800000, 0x0000000706800000, 0x0000000706a00000|  0%| F|  |TAMS 0x0000000706800000, 0x0000000706800000| Untracked 
|  14|0x0000000706a00000, 0x0000000706a00000, 0x0000000706c00000|  0%| F|  |TAMS 0x0000000706a00000, 0x0000000706a00000| Untracked 
|  15|0x0000000706c00000, 0x0000000706c00000, 0x0000000706e00000|  0%| F|  |TAMS 0x0000000706c00000, 0x0000000706c00000| Untracked 
|  16|0x0000000706e00000, 0x0000000706e00000, 0x0000000707000000|  0%| F|  |TAMS 0x0000000706e00000, 0x0000000706e00000| Untracked 
|  17|0x0000000707000000, 0x0000000707000000, 0x0000000707200000|  0%| F|  |TAMS 0x0000000707000000, 0x0000000707000000| Untracked 
|  18|0x0000000707200000, 0x0000000707200000, 0x0000000707400000|  0%| F|  |TAMS 0x0000000707200000, 0x0000000707200000| Untracked 
|  19|0x0000000707400000, 0x0000000707400000, 0x0000000707600000|  0%| F|  |TAMS 0x0000000707400000, 0x0000000707400000| Untracked 
|  20|0x0000000707600000, 0x0000000707600000, 0x0000000707800000|  0%| F|  |TAMS 0x0000000707600000, 0x0000000707600000| Untracked 
|  21|0x0000000707800000, 0x0000000707800000, 0x0000000707a00000|  0%| F|  |TAMS 0x0000000707800000, 0x0000000707800000| Untracked 
|  22|0x0000000707a00000, 0x0000000707a00000, 0x0000000707c00000|  0%| F|  |TAMS 0x0000000707a00000, 0x0000000707a00000| Untracked 
|  23|0x0000000707c00000, 0x0000000707c00000, 0x0000000707e00000|  0%| F|  |TAMS 0x0000000707c00000, 0x0000000707c00000| Untracked 
|  24|0x0000000707e00000, 0x0000000707e00000, 0x0000000708000000|  0%| F|  |TAMS 0x0000000707e00000, 0x0000000707e00000| Untracked 
|  25|0x0000000708000000, 0x0000000708000000, 0x0000000708200000|  0%| F|  |TAMS 0x0000000708000000, 0x0000000708000000| Untracked 
|  26|0x0000000708200000, 0x0000000708200000, 0x0000000708400000|  0%| F|  |TAMS 0x0000000708200000, 0x0000000708200000| Untracked 
|  27|0x0000000708400000, 0x0000000708400000, 0x0000000708600000|  0%| F|  |TAMS 0x0000000708400000, 0x0000000708400000| Untracked 
|  28|0x0000000708600000, 0x0000000708600000, 0x0000000708800000|  0%| F|  |TAMS 0x0000000708600000, 0x0000000708600000| Untracked 
|  29|0x0000000708800000, 0x0000000708800000, 0x0000000708a00000|  0%| F|  |TAMS 0x0000000708800000, 0x0000000708800000| Untracked 
|  30|0x0000000708a00000, 0x0000000708a00000, 0x0000000708c00000|  0%| F|  |TAMS 0x0000000708a00000, 0x0000000708a00000| Untracked 
|  31|0x0000000708c00000, 0x0000000708c00000, 0x0000000708e00000|  0%| F|  |TAMS 0x0000000708c00000, 0x0000000708c00000| Untracked 
|  32|0x0000000708e00000, 0x0000000708e00000, 0x0000000709000000|  0%| F|  |TAMS 0x0000000708e00000, 0x0000000708e00000| Untracked 
|  33|0x0000000709000000, 0x0000000709000000, 0x0000000709200000|  0%| F|  |TAMS 0x0000000709000000, 0x0000000709000000| Untracked 
|  34|0x0000000709200000, 0x0000000709200000, 0x0000000709400000|  0%| F|  |TAMS 0x0000000709200000, 0x0000000709200000| Untracked 
|  35|0x0000000709400000, 0x0000000709400000, 0x0000000709600000|  0%| F|  |TAMS 0x0000000709400000, 0x0000000709400000| Untracked 
|  36|0x0000000709600000, 0x0000000709600000, 0x0000000709800000|  0%| F|  |TAMS 0x0000000709600000, 0x0000000709600000| Untracked 
|  37|0x0000000709800000, 0x0000000709800000, 0x0000000709a00000|  0%| F|  |TAMS 0x0000000709800000, 0x0000000709800000| Untracked 
|  38|0x0000000709a00000, 0x0000000709a00000, 0x0000000709c00000|  0%| F|  |TAMS 0x0000000709a00000, 0x0000000709a00000| Untracked 
|  39|0x0000000709c00000, 0x0000000709c00000, 0x0000000709e00000|  0%| F|  |TAMS 0x0000000709c00000, 0x0000000709c00000| Untracked 
|  40|0x0000000709e00000, 0x0000000709e00000, 0x000000070a000000|  0%| F|  |TAMS 0x0000000709e00000, 0x0000000709e00000| Untracked 
|  41|0x000000070a000000, 0x000000070a000000, 0x000000070a200000|  0%| F|  |TAMS 0x000000070a000000, 0x000000070a000000| Untracked 
|  42|0x000000070a200000, 0x000000070a200000, 0x000000070a400000|  0%| F|  |TAMS 0x000000070a200000, 0x000000070a200000| Untracked 
|  43|0x000000070a400000, 0x000000070a400000, 0x000000070a600000|  0%| F|  |TAMS 0x000000070a400000, 0x000000070a400000| Untracked 
|  44|0x000000070a600000, 0x000000070a600000, 0x000000070a800000|  0%| F|  |TAMS 0x000000070a600000, 0x000000070a600000| Untracked 
|  45|0x000000070a800000, 0x000000070a800000, 0x000000070aa00000|  0%| F|  |TAMS 0x000000070a800000, 0x000000070a800000| Untracked 
|  46|0x000000070aa00000, 0x000000070aa00000, 0x000000070ac00000|  0%| F|  |TAMS 0x000000070aa00000, 0x000000070aa00000| Untracked 
|  47|0x000000070ac00000, 0x000000070ac00000, 0x000000070ae00000|  0%| F|  |TAMS 0x000000070ac00000, 0x000000070ac00000| Untracked 
|  48|0x000000070ae00000, 0x000000070ae00000, 0x000000070b000000|  0%| F|  |TAMS 0x000000070ae00000, 0x000000070ae00000| Untracked 
|  49|0x000000070b000000, 0x000000070b000000, 0x000000070b200000|  0%| F|  |TAMS 0x000000070b000000, 0x000000070b000000| Untracked 
|  50|0x000000070b200000, 0x000000070b200000, 0x000000070b400000|  0%| F|  |TAMS 0x000000070b200000, 0x000000070b200000| Untracked 
|  51|0x000000070b400000, 0x000000070b400000, 0x000000070b600000|  0%| F|  |TAMS 0x000000070b400000, 0x000000070b400000| Untracked 
|  52|0x000000070b600000, 0x000000070b600000, 0x000000070b800000|  0%| F|  |TAMS 0x000000070b600000, 0x000000070b600000| Untracked 
|  53|0x000000070b800000, 0x000000070b800000, 0x000000070ba00000|  0%| F|  |TAMS 0x000000070b800000, 0x000000070b800000| Untracked 
|  54|0x000000070ba00000, 0x000000070ba00000, 0x000000070bc00000|  0%| F|  |TAMS 0x000000070ba00000, 0x000000070ba00000| Untracked 
|  55|0x000000070bc00000, 0x000000070bc00000, 0x000000070be00000|  0%| F|  |TAMS 0x000000070bc00000, 0x000000070bc00000| Untracked 
|  56|0x000000070be00000, 0x000000070be00000, 0x000000070c000000|  0%| F|  |TAMS 0x000000070be00000, 0x000000070be00000| Untracked 
|  57|0x000000070c000000, 0x000000070c000000, 0x000000070c200000|  0%| F|  |TAMS 0x000000070c000000, 0x000000070c000000| Untracked 
|  58|0x000000070c200000, 0x000000070c200000, 0x000000070c400000|  0%| F|  |TAMS 0x000000070c200000, 0x000000070c200000| Untracked 
|  59|0x000000070c400000, 0x000000070c400000, 0x000000070c600000|  0%| F|  |TAMS 0x000000070c400000, 0x000000070c400000| Untracked 
|  60|0x000000070c600000, 0x000000070c600000, 0x000000070c800000|  0%| F|  |TAMS 0x000000070c600000, 0x000000070c600000| Untracked 
|  61|0x000000070c800000, 0x000000070c800000, 0x000000070ca00000|  0%| F|  |TAMS 0x000000070c800000, 0x000000070c800000| Untracked 
|  62|0x000000070ca00000, 0x000000070ca00000, 0x000000070cc00000|  0%| F|  |TAMS 0x000000070ca00000, 0x000000070ca00000| Untracked 
|  63|0x000000070cc00000, 0x000000070cc00000, 0x000000070ce00000|  0%| F|  |TAMS 0x000000070cc00000, 0x000000070cc00000| Untracked 
|  64|0x000000070ce00000, 0x000000070ce00000, 0x000000070d000000|  0%| F|  |TAMS 0x000000070ce00000, 0x000000070ce00000| Untracked 
|  65|0x000000070d000000, 0x000000070d000000, 0x000000070d200000|  0%| F|  |TAMS 0x000000070d000000, 0x000000070d000000| Untracked 
|  66|0x000000070d200000, 0x000000070d200000, 0x000000070d400000|  0%| F|  |TAMS 0x000000070d200000, 0x000000070d200000| Untracked 
|  67|0x000000070d400000, 0x000000070d400000, 0x000000070d600000|  0%| F|  |TAMS 0x000000070d400000, 0x000000070d400000| Untracked 
|  68|0x000000070d600000, 0x000000070d600000, 0x000000070d800000|  0%| F|  |TAMS 0x000000070d600000, 0x000000070d600000| Untracked 
|  69|0x000000070d800000, 0x000000070d800000, 0x000000070da00000|  0%| F|  |TAMS 0x000000070d800000, 0x000000070d800000| Untracked 
|  70|0x000000070da00000, 0x000000070da00000, 0x000000070dc00000|  0%| F|  |TAMS 0x000000070da00000, 0x000000070da00000| Untracked 
|  71|0x000000070dc00000, 0x000000070dc00000, 0x000000070de00000|  0%| F|  |TAMS 0x000000070dc00000, 0x000000070dc00000| Untracked 
|  72|0x000000070de00000, 0x000000070de00000, 0x000000070e000000|  0%| F|  |TAMS 0x000000070de00000, 0x000000070de00000| Untracked 
|  73|0x000000070e000000, 0x000000070e000000, 0x000000070e200000|  0%| F|  |TAMS 0x000000070e000000, 0x000000070e000000| Untracked 
|  74|0x000000070e200000, 0x000000070e200000, 0x000000070e400000|  0%| F|  |TAMS 0x000000070e200000, 0x000000070e200000| Untracked 
|  75|0x000000070e400000, 0x000000070e400000, 0x000000070e600000|  0%| F|  |TAMS 0x000000070e400000, 0x000000070e400000| Untracked 
|  76|0x000000070e600000, 0x000000070e600000, 0x000000070e800000|  0%| F|  |TAMS 0x000000070e600000, 0x000000070e600000| Untracked 
|  77|0x000000070e800000, 0x000000070e800000, 0x000000070ea00000|  0%| F|  |TAMS 0x000000070e800000, 0x000000070e800000| Untracked 
|  78|0x000000070ea00000, 0x000000070ea00000, 0x000000070ec00000|  0%| F|  |TAMS 0x000000070ea00000, 0x000000070ea00000| Untracked 
|  79|0x000000070ec00000, 0x000000070ec00000, 0x000000070ee00000|  0%| F|  |TAMS 0x000000070ec00000, 0x000000070ec00000| Untracked 
|  80|0x000000070ee00000, 0x000000070ee00000, 0x000000070f000000|  0%| F|  |TAMS 0x000000070ee00000, 0x000000070ee00000| Untracked 
|  81|0x000000070f000000, 0x000000070f000000, 0x000000070f200000|  0%| F|  |TAMS 0x000000070f000000, 0x000000070f000000| Untracked 
|  82|0x000000070f200000, 0x000000070f200000, 0x000000070f400000|  0%| F|  |TAMS 0x000000070f200000, 0x000000070f200000| Untracked 
|  83|0x000000070f400000, 0x000000070f400000, 0x000000070f600000|  0%| F|  |TAMS 0x000000070f400000, 0x000000070f400000| Untracked 
|  84|0x000000070f600000, 0x000000070f600000, 0x000000070f800000|  0%| F|  |TAMS 0x000000070f600000, 0x000000070f600000| Untracked 
|  85|0x000000070f800000, 0x000000070f800000, 0x000000070fa00000|  0%| F|  |TAMS 0x000000070f800000, 0x000000070f800000| Untracked 
|  86|0x000000070fa00000, 0x000000070fa00000, 0x000000070fc00000|  0%| F|  |TAMS 0x000000070fa00000, 0x000000070fa00000| Untracked 
|  87|0x000000070fc00000, 0x000000070fc00000, 0x000000070fe00000|  0%| F|  |TAMS 0x000000070fc00000, 0x000000070fc00000| Untracked 
|  88|0x000000070fe00000, 0x000000070fe00000, 0x0000000710000000|  0%| F|  |TAMS 0x000000070fe00000, 0x000000070fe00000| Untracked 
|  89|0x0000000710000000, 0x0000000710000000, 0x0000000710200000|  0%| F|  |TAMS 0x0000000710000000, 0x0000000710000000| Untracked 
|  90|0x0000000710200000, 0x0000000710200000, 0x0000000710400000|  0%| F|  |TAMS 0x0000000710200000, 0x0000000710200000| Untracked 
|  91|0x0000000710400000, 0x0000000710400000, 0x0000000710600000|  0%| F|  |TAMS 0x0000000710400000, 0x0000000710400000| Untracked 
|  92|0x0000000710600000, 0x0000000710600000, 0x0000000710800000|  0%| F|  |TAMS 0x0000000710600000, 0x0000000710600000| Untracked 
|  93|0x0000000710800000, 0x0000000710800000, 0x0000000710a00000|  0%| F|  |TAMS 0x0000000710800000, 0x0000000710800000| Untracked 
|  94|0x0000000710a00000, 0x0000000710a00000, 0x0000000710c00000|  0%| F|  |TAMS 0x0000000710a00000, 0x0000000710a00000| Untracked 
|  95|0x0000000710c00000, 0x0000000710c00000, 0x0000000710e00000|  0%| F|  |TAMS 0x0000000710c00000, 0x0000000710c00000| Untracked 
|  96|0x0000000710e00000, 0x0000000710e00000, 0x0000000711000000|  0%| F|  |TAMS 0x0000000710e00000, 0x0000000710e00000| Untracked 
|  97|0x0000000711000000, 0x0000000711000000, 0x0000000711200000|  0%| F|  |TAMS 0x0000000711000000, 0x0000000711000000| Untracked 
|  98|0x0000000711200000, 0x0000000711300800, 0x0000000711400000| 50%| E|  |TAMS 0x0000000711200000, 0x0000000711200000| Complete 
|  99|0x0000000711400000, 0x0000000711600000, 0x0000000711600000|100%| E|CS|TAMS 0x0000000711400000, 0x0000000711400000| Complete 
| 100|0x0000000711600000, 0x0000000711800000, 0x0000000711800000|100%| E|CS|TAMS 0x0000000711600000, 0x0000000711600000| Complete 
| 101|0x0000000711800000, 0x0000000711a00000, 0x0000000711a00000|100%| E|CS|TAMS 0x0000000711800000, 0x0000000711800000| Complete 
| 102|0x0000000711a00000, 0x0000000711c00000, 0x0000000711c00000|100%| E|CS|TAMS 0x0000000711a00000, 0x0000000711a00000| Complete 
| 103|0x0000000711c00000, 0x0000000711e00000, 0x0000000711e00000|100%| E|CS|TAMS 0x0000000711c00000, 0x0000000711c00000| Complete 
| 104|0x0000000711e00000, 0x0000000712000000, 0x0000000712000000|100%| E|CS|TAMS 0x0000000711e00000, 0x0000000711e00000| Complete 
| 105|0x0000000712000000, 0x0000000712200000, 0x0000000712200000|100%| E|CS|TAMS 0x0000000712000000, 0x0000000712000000| Complete 
| 106|0x0000000712200000, 0x0000000712400000, 0x0000000712400000|100%| E|CS|TAMS 0x0000000712200000, 0x0000000712200000| Complete 
| 107|0x0000000712400000, 0x0000000712600000, 0x0000000712600000|100%| E|CS|TAMS 0x0000000712400000, 0x0000000712400000| Complete 
| 108|0x0000000712600000, 0x00000007127457b0, 0x0000000712800000| 63%| S|CS|TAMS 0x0000000712600000, 0x0000000712600000| Complete 
| 109|0x0000000712800000, 0x0000000712a00000, 0x0000000712a00000|100%| E|CS|TAMS 0x0000000712800000, 0x0000000712800000| Complete 
| 110|0x0000000712a00000, 0x0000000712c00000, 0x0000000712c00000|100%| E|CS|TAMS 0x0000000712a00000, 0x0000000712a00000| Complete 
| 111|0x0000000712c00000, 0x0000000712e00000, 0x0000000712e00000|100%| E|CS|TAMS 0x0000000712c00000, 0x0000000712c00000| Complete 
| 112|0x0000000712e00000, 0x0000000713000000, 0x0000000713000000|100%| E|CS|TAMS 0x0000000712e00000, 0x0000000712e00000| Complete 
| 113|0x0000000713000000, 0x0000000713200000, 0x0000000713200000|100%| E|CS|TAMS 0x0000000713000000, 0x0000000713000000| Complete 
| 114|0x0000000713200000, 0x0000000713400000, 0x0000000713400000|100%| E|CS|TAMS 0x0000000713200000, 0x0000000713200000| Complete 
| 115|0x0000000713400000, 0x0000000713600000, 0x0000000713600000|100%| E|CS|TAMS 0x0000000713400000, 0x0000000713400000| Complete 
| 116|0x0000000713600000, 0x0000000713800000, 0x0000000713800000|100%| E|CS|TAMS 0x0000000713600000, 0x0000000713600000| Complete 
| 117|0x0000000713800000, 0x0000000713a00000, 0x0000000713a00000|100%| E|CS|TAMS 0x0000000713800000, 0x0000000713800000| Complete 
| 118|0x0000000713a00000, 0x0000000713c00000, 0x0000000713c00000|100%| E|CS|TAMS 0x0000000713a00000, 0x0000000713a00000| Complete 
| 119|0x0000000713c00000, 0x0000000713e00000, 0x0000000713e00000|100%| E|CS|TAMS 0x0000000713c00000, 0x0000000713c00000| Complete 
| 120|0x0000000713e00000, 0x0000000714000000, 0x0000000714000000|100%| E|CS|TAMS 0x0000000713e00000, 0x0000000713e00000| Complete 
| 121|0x0000000714000000, 0x0000000714200000, 0x0000000714200000|100%| E|CS|TAMS 0x0000000714000000, 0x0000000714000000| Complete 
| 122|0x0000000714200000, 0x0000000714400000, 0x0000000714400000|100%| E|CS|TAMS 0x0000000714200000, 0x0000000714200000| Complete 
| 123|0x0000000714400000, 0x0000000714600000, 0x0000000714600000|100%| E|CS|TAMS 0x0000000714400000, 0x0000000714400000| Complete 
| 124|0x0000000714600000, 0x0000000714800000, 0x0000000714800000|100%| E|CS|TAMS 0x0000000714600000, 0x0000000714600000| Complete 
| 125|0x0000000714800000, 0x0000000714a00000, 0x0000000714a00000|100%| E|CS|TAMS 0x0000000714800000, 0x0000000714800000| Complete 

Card table byte_map: [0x00000137bf3f0000,0x00000137bfbd0000] _byte_map_base: 0x00000137bbbc9000

Marking Bits (Prev, Next): (CMBitMap*) 0x00000137a7e72a80, (CMBitMap*) 0x00000137a7e72ac0
 Prev Bits: [0x00000137c03b0000, 0x00000137c4278000)
 Next Bits: [0x00000137c4280000, 0x00000137c8148000)

Polling page: 0x00000137a5d90000

Metaspace:

Usage:
  Non-class:     12.39 MB used.
      Class:      1.73 MB used.
       Both:     14.12 MB used.

Virtual space:
  Non-class space:       64.00 MB reserved,      12.50 MB ( 20%) committed,  1 nodes.
      Class space:        1.00 GB reserved,       1.81 MB ( <1%) committed,  1 nodes.
             Both:        1.06 GB reserved,      14.31 MB (  1%) committed. 

Chunk freelists:
   Non-Class:  2.64 MB
       Class:  14.01 MB
        Both:  16.65 MB

MaxMetaspaceSize: unlimited
CompressedClassSpaceSize: 1.00 GB
Initial GC threshold: 21.00 MB
Current GC threshold: 21.00 MB
CDS: on
MetaspaceReclaimPolicy: balanced
 - commit_granule_bytes: 65536.
 - commit_granule_words: 8192.
 - virtual_space_node_default_size: 8388608.
 - enlarge_chunks_in_place: 1.
 - new_chunks_are_fully_committed: 0.
 - uncommit_free_chunks: 1.
 - use_allocation_guard: 0.
 - handle_deallocations: 1.


Internal statistics:

num_allocs_failed_limit: 0.
num_arena_births: 88.
num_arena_deaths: 0.
num_vsnodes_births: 2.
num_vsnodes_deaths: 0.
num_space_committed: 229.
num_space_uncommitted: 0.
num_chunks_returned_to_freelist: 0.
num_chunks_taken_from_freelist: 626.
num_chunk_merges: 0.
num_chunk_splits: 411.
num_chunks_enlarged: 313.
num_inconsistent_stats: 0.

CodeHeap 'non-profiled nmethods': size=120000Kb used=1383Kb max_used=1383Kb free=118616Kb
 bounds [0x00000137b7190000, 0x00000137b7400000, 0x00000137be6c0000]
CodeHeap 'profiled nmethods': size=120000Kb used=5809Kb max_used=5809Kb free=114190Kb
 bounds [0x00000137af6c0000, 0x00000137afc70000, 0x00000137b6bf0000]
CodeHeap 'non-nmethods': size=5760Kb used=1172Kb max_used=1221Kb free=4587Kb
 bounds [0x00000137b6bf0000, 0x00000137b6e60000, 0x00000137b7190000]
 total_blobs=3301 nmethods=2840 adapters=373
 compilation: enabled
              stopped_count=0, restarted_count=0
 full_count=0

Compilation events (20 events):
Event: 2.776 Thread 0x00000137ca4296a0 2805       3       java.util.regex.Pattern::nextEscaped (19 bytes)
Event: 2.776 Thread 0x000001380c219f10 nmethod 2803 0x00000137b72e6f10 code [0x00000137b72e7080, 0x00000137b72e7118]
Event: 2.776 Thread 0x00000137ca4296a0 nmethod 2805 0x00000137afc50610 code [0x00000137afc507a0, 0x00000137afc508d8]
Event: 2.777 Thread 0x00000137ca4296a0 2806       3       java.util.HashMap::<init> (8 bytes)
Event: 2.777 Thread 0x00000137ca4296a0 nmethod 2806 0x00000137afc50990 code [0x00000137afc50b60, 0x00000137afc50ca8]
Event: 2.777 Thread 0x00000137ca4296a0 2807       3       org.codehaus.plexus.interpolation.reflection.ReflectionValueExtractor$Tokenizer::peekChar (30 bytes)
Event: 2.778 Thread 0x00000137ca4296a0 nmethod 2807 0x00000137afc50d90 code [0x00000137afc50fa0, 0x00000137afc516d8]
Event: 2.778 Thread 0x00000137ca4296a0 2809       3       org.apache.maven.model.validation.DefaultModelValidator::validateNotNull (42 bytes)
Event: 2.778 Thread 0x000001380c219f10 2810       4       org.apache.maven.model.validation.DefaultModelValidator::isValidIdCharacter (60 bytes)
Event: 2.778 Thread 0x00000137ca4296a0 nmethod 2809 0x00000137afc51990 code [0x00000137afc51bc0, 0x00000137afc52218]
Event: 2.778 Thread 0x00000137ca4296a0 2808       1       org.apache.maven.model.Model::getArtifactId (5 bytes)
Event: 2.778 Thread 0x000001380c219f10 nmethod 2810 0x00000137b72e7210 code [0x00000137b72e7380, 0x00000137b72e7458]
Event: 2.778 Thread 0x00000137ca4296a0 nmethod 2808 0x00000137b72e7510 code [0x00000137b72e76a0, 0x00000137b72e7778]
Event: 2.782 Thread 0x00000137ca424c90 nmethod 2796 0x00000137b72e7810 code [0x00000137b72e7a20, 0x00000137b72e8708]
Event: 2.785 Thread 0x00000137ca4296a0 2811       3       org.codehaus.plexus.util.xml.pull.MXParser::parseAttribute (1438 bytes)
Event: 2.789 Thread 0x00000137ca4296a0 nmethod 2811 0x00000137afc52490 code [0x00000137afc52c80, 0x00000137afc57ca8]
Event: 2.793 Thread 0x00000137ca4296a0 2812       3       org.eclipse.sisu.inject.LazyBeanEntry::getValue (10 bytes)
Event: 2.794 Thread 0x00000137ca4296a0 nmethod 2812 0x00000137afc59690 code [0x00000137afc59840, 0x00000137afc59a28]
Event: 2.797 Thread 0x00000137ca4296a0 2813       3       org.codehaus.plexus.util.xml.pull.MXParser::isValidCodePoint (65 bytes)
Event: 2.797 Thread 0x00000137ca4296a0 nmethod 2813 0x00000137afc59b10 code [0x00000137afc59cc0, 0x00000137afc59fd8]

GC Heap History (4 events):
Event: 1.068 GC heap before
{Heap before GC invocations=0 (full 0):
 garbage-first heap   total 258048K, used 22528K [0x0000000704e00000, 0x0000000800000000)
  region size 2048K, 11 young (22528K), 0 survivors (0K)
 Metaspace       used 4997K, committed 5184K, reserved 1114112K
  class space    used 589K, committed 704K, reserved 1048576K
}
Event: 1.071 GC heap after
{Heap after GC invocations=1 (full 0):
 garbage-first heap   total 258048K, used 3519K [0x0000000704e00000, 0x0000000800000000)
  region size 2048K, 2 young (4096K), 2 survivors (4096K)
 Metaspace       used 4997K, committed 5184K, reserved 1114112K
  class space    used 589K, committed 704K, reserved 1048576K
}
Event: 1.653 GC heap before
{Heap before GC invocations=1 (full 0):
 garbage-first heap   total 258048K, used 34239K [0x0000000704e00000, 0x0000000800000000)
  region size 2048K, 17 young (34816K), 2 survivors (4096K)
 Metaspace       used 7213K, committed 7360K, reserved 1114112K
  class space    used 865K, committed 960K, reserved 1048576K
}
Event: 1.656 GC heap after
{Heap after GC invocations=2 (full 0):
 garbage-first heap   total 258048K, used 4651K [0x0000000704e00000, 0x0000000800000000)
  region size 2048K, 1 young (2048K), 1 survivors (2048K)
 Metaspace       used 7213K, committed 7360K, reserved 1114112K
  class space    used 865K, committed 960K, reserved 1048576K
}

Deoptimization events (20 events):
Event: 2.756 Thread 0x00000137a7e08780 Uncommon trap: trap_request=0xffffff45 fr.pc=0x00000137b72097b0 relative=0x0000000000000230
Event: 2.756 Thread 0x00000137a7e08780 Uncommon trap: reason=unstable_if action=reinterpret pc=0x00000137b72097b0 method=java.lang.String.decodeASCII([BI[CII)I @ 7 c2
Event: 2.756 Thread 0x00000137a7e08780 DEOPT PACKING pc=0x00000137b72097b0 sp=0x0000001b67bfd1d0
Event: 2.756 Thread 0x00000137a7e08780 DEOPT UNPACKING pc=0x00000137b6c423a3 sp=0x0000001b67bfd180 mode 2
Event: 2.756 Thread 0x00000137a7e08780 Uncommon trap: trap_request=0xffffff45 fr.pc=0x00000137b72291ac relative=0x000000000000040c
Event: 2.756 Thread 0x00000137a7e08780 Uncommon trap: reason=unstable_if action=reinterpret pc=0x00000137b72291ac method=java.lang.StringUTF16.compress([CII)[B @ 13 c2
Event: 2.756 Thread 0x00000137a7e08780 DEOPT PACKING pc=0x00000137b72291ac sp=0x0000001b67bfd760
Event: 2.756 Thread 0x00000137a7e08780 DEOPT UNPACKING pc=0x00000137b6c423a3 sp=0x0000001b67bfd628 mode 2
Event: 2.756 Thread 0x00000137a7e08780 Uncommon trap: trap_request=0xffffff45 fr.pc=0x00000137b72d9448 relative=0x00000000000004a8
Event: 2.756 Thread 0x00000137a7e08780 Uncommon trap: reason=unstable_if action=reinterpret pc=0x00000137b72d9448 method=java.lang.String.trim()Ljava/lang/String; @ 4 c2
Event: 2.756 Thread 0x00000137a7e08780 DEOPT PACKING pc=0x00000137b72d9448 sp=0x0000001b67bfd830
Event: 2.756 Thread 0x00000137a7e08780 DEOPT UNPACKING pc=0x00000137b6c423a3 sp=0x0000001b67bfd800 mode 2
Event: 2.760 Thread 0x00000137a7e08780 Uncommon trap: trap_request=0xffffff45 fr.pc=0x00000137b72de180 relative=0x0000000000001020
Event: 2.760 Thread 0x00000137a7e08780 Uncommon trap: reason=unstable_if action=reinterpret pc=0x00000137b72de180 method=java.lang.String.indexOf(Ljava/lang/String;)I @ 10 c2
Event: 2.760 Thread 0x00000137a7e08780 DEOPT PACKING pc=0x00000137b72de180 sp=0x0000001b67bfda10
Event: 2.760 Thread 0x00000137a7e08780 DEOPT UNPACKING pc=0x00000137b6c423a3 sp=0x0000001b67bfd910 mode 2
Event: 2.796 Thread 0x00000137a7e08780 Uncommon trap: trap_request=0xffffff45 fr.pc=0x00000137b72a9dd0 relative=0x0000000000000050
Event: 2.796 Thread 0x00000137a7e08780 Uncommon trap: reason=unstable_if action=reinterpret pc=0x00000137b72a9dd0 method=org.codehaus.plexus.util.xml.pull.MXParser.isValidCodePoint(I)Z @ 3 c2
Event: 2.796 Thread 0x00000137a7e08780 DEOPT PACKING pc=0x00000137b72a9dd0 sp=0x0000001b67bfd5c0
Event: 2.796 Thread 0x00000137a7e08780 DEOPT UNPACKING pc=0x00000137b6c423a3 sp=0x0000001b67bfd550 mode 2

Classes unloaded (0 events):
No events

Classes redefined (0 events):
No events

Internal exceptions (20 events):
Event: 0.539 Thread 0x00000137a7e08780 Exception <a 'java/lang/NullPointerException'{0x00000007140037e8}> (0x00000007140037e8) 
thrown [s\open\src\hotspot\share\interpreter\linkResolver.cpp, line 1350]
Event: 0.539 Thread 0x00000137a7e08780 Exception <a 'java/lang/NullPointerException'{0x000000071400bda8}> (0x000000071400bda8) 
thrown [s\open\src\hotspot\share\interpreter\linkResolver.cpp, line 1350]
Event: 0.586 Thread 0x00000137a7e08780 Exception <a 'java/lang/NoSuchMethodError'{0x000000071413f410}: 'java.lang.Object java.lang.invoke.DirectMethodHandle$Holder.invokeSpecialIFC(java.lang.Object, java.lang.Object, java.lang.Object, java.lang.Object)'> (0x000000071413f410) 
thrown [s\open\src\hotspot\share\interpreter\linkResolver.cpp, line 759]
Event: 0.900 Thread 0x00000137a7e08780 Exception <a 'java/lang/NoSuchMethodError'{0x000000071391d388}: 'void java.lang.invoke.DirectMethodHandle$Holder.invokeSpecial(java.lang.Object, java.lang.Object, java.lang.Object)'> (0x000000071391d388) 
thrown [s\open\src\hotspot\share\interpreter\linkResolver.cpp, line 759]
Event: 0.964 Thread 0x00000137a7e08780 Exception <a 'java/lang/NoSuchMethodError'{0x00000007136e3338}: 'java.lang.Object java.lang.invoke.DirectMethodHandle$Holder.invokeInterface(java.lang.Object, java.lang.Object)'> (0x00000007136e3338) 
thrown [s\open\src\hotspot\share\interpreter\linkResolver.cpp, line 759]
Event: 0.988 Thread 0x00000137a7e08780 Exception <a 'java/lang/NoSuchMethodError'{0x00000007137c7a28}: 'java.lang.Object java.lang.invoke.Invokers$Holder.invokeExact_MT(java.lang.Object, java.lang.Object, java.lang.Object, java.lang.Object, java.lang.Object, java.lang.Object)'> (0x00000007137c7a28) 
thrown [s\open\src\hotspot\share\interpreter\linkResolver.cpp, line 759]
Event: 0.990 Thread 0x00000137a7e08780 Exception <a 'java/lang/NoSuchMethodError'{0x00000007137d9198}: 'int java.lang.invoke.DirectMethodHandle$Holder.invokeSpecialIFC(java.lang.Object, java.lang.Object, java.lang.Object, java.lang.Object, java.lang.Object)'> (0x00000007137d9198) 
thrown [s\open\src\hotspot\share\interpreter\linkResolver.cpp, line 759]
Event: 1.075 Thread 0x00000137a7e08780 Exception <a 'java/lang/NoSuchMethodError'{0x000000071481cb10}: 'java.lang.Object java.lang.invoke.DirectMethodHandle$Holder.newInvokeSpecial(java.lang.Object, java.lang.Object, java.lang.Object, java.lang.Object, java.lang.Object)'> (0x000000071481cb10) 
thrown [s\open\src\hotspot\share\interpreter\linkResolver.cpp, line 759]
Event: 1.121 Thread 0x00000137a7e08780 Exception <a 'java/lang/NoSuchMethodError'{0x0000000714985ef0}: 'int java.lang.invoke.DirectMethodHandle$Holder.invokeStaticInit(java.lang.Object, java.lang.Object)'> (0x0000000714985ef0) 
thrown [s\open\src\hotspot\share\interpreter\linkResolver.cpp, line 759]
Event: 1.132 Thread 0x00000137a7e08780 Exception <a 'java/lang/NoClassDefFoundError'{0x00000007149cef48}: javax/enterprise/inject/Typed> (0x00000007149cef48) 
thrown [s\open\src\hotspot\share\classfile\systemDictionary.cpp, line 245]
Event: 2.016 Thread 0x00000137a7e08780 Exception <a 'java/lang/NoSuchMethodError'{0x000000071332fd30}: 'void java.lang.invoke.DirectMethodHandle$Holder.invokeStaticInit(java.lang.Object, java.lang.Object, java.lang.Object)'> (0x000000071332fd30) 
thrown [s\open\src\hotspot\share\interpreter\linkResolver.cpp, line 759]
Event: 2.032 Thread 0x00000137a7e08780 Implicit null exception at 0x00000137b7235baf to 0x00000137b7235d10
Event: 2.036 Thread 0x00000137a7e08780 Exception <a 'java/lang/NoSuchMethodError'{0x00000007133b9888}: 'java.lang.Object java.lang.invoke.Invokers$Holder.invokeExact_MT(java.lang.Object, int, java.lang.Object)'> (0x00000007133b9888) 
thrown [s\open\src\hotspot\share\interpreter\linkResolver.cpp, line 759]
Event: 2.047 Thread 0x00000137a7e08780 Exception <a 'java/lang/NoSuchMethodError'{0x000000071302a2d0}: 'int java.lang.invoke.DirectMethodHandle$Holder.invokeSpecial(java.lang.Object, java.lang.Object, java.lang.Object, java.lang.Object)'> (0x000000071302a2d0) 
thrown [s\open\src\hotspot\share\interpreter\linkResolver.cpp, line 759]
Event: 2.257 Thread 0x00000137a7e08780 Exception <a 'java/lang/NoClassDefFoundError'{0x00000007129dbc90}: com/google/inject/servlet/ServletModuleTargetVisitor> (0x00000007129dbc90) 
thrown [s\open\src\hotspot\share\classfile\systemDictionary.cpp, line 245]
Event: 2.357 Thread 0x00000137a7e08780 Exception <a 'java/lang/NoSuchMethodError'{0x0000000712313bc8}: 'java.lang.Object java.lang.invoke.DirectMethodHandle$Holder.invokeStaticInit(java.lang.Object, int, int, int, int)'> (0x0000000712313bc8) 
thrown [s\open\src\hotspot\share\interpreter\linkResolver.cpp, line 759]
Event: 2.449 Thread 0x00000137a7e08780 Implicit null exception at 0x00000137b71b64f2 to 0x00000137b71b6acc
Event: 2.449 Thread 0x00000137a7e08780 Implicit null exception at 0x00000137b71bde72 to 0x00000137b71be460
Event: 2.544 Thread 0x00000137a7e08780 Exception <a 'java/lang/NoSuchMethodError'{0x0000000711a27490}: 'void java.lang.invoke.DirectMethodHandle$Holder.invokeSpecial(java.lang.Object, java.lang.Object, java.lang.Object, java.lang.Object, java.lang.Object, java.lang.Object)'> (0x0000000711a27490) 
thrown [s\open\src\hotspot\share\interpreter\linkResolver.cpp, line 759]
Event: 2.571 Thread 0x00000137a7e08780 Exception <a 'java/lang/NoSuchMethodError'{0x0000000711b80ac0}: 'java.lang.Object java.lang.invoke.DirectMethodHandle$Holder.invokeVirtual(java.lang.Object, java.lang.Object, java.lang.Object)'> (0x0000000711b80ac0) 
thrown [s\open\src\hotspot\share\interpreter\linkResolver.cpp, line 759]

VM Operations (20 events):
Event: 2.068 Executing VM operation: HandshakeAllThreads
Event: 2.068 Executing VM operation: HandshakeAllThreads done
Event: 2.119 Executing VM operation: HandshakeAllThreads
Event: 2.119 Executing VM operation: HandshakeAllThreads done
Event: 2.224 Executing VM operation: HandshakeAllThreads
Event: 2.224 Executing VM operation: HandshakeAllThreads done
Event: 2.322 Executing VM operation: HandshakeAllThreads
Event: 2.322 Executing VM operation: HandshakeAllThreads done
Event: 2.338 Executing VM operation: ICBufferFull
Event: 2.339 Executing VM operation: ICBufferFull done
Event: 2.343 Executing VM operation: HandshakeAllThreads
Event: 2.343 Executing VM operation: HandshakeAllThreads done
Event: 2.410 Executing VM operation: HandshakeAllThreads
Event: 2.410 Executing VM operation: HandshakeAllThreads done
Event: 2.411 Executing VM operation: HandshakeAllThreads
Event: 2.411 Executing VM operation: HandshakeAllThreads done
Event: 2.776 Executing VM operation: HandshakeAllThreads
Event: 2.776 Executing VM operation: HandshakeAllThreads done
Event: 2.779 Executing VM operation: ICBufferFull
Event: 2.779 Executing VM operation: ICBufferFull done

Events (20 events):
Event: 2.523 loading class sun/nio/ch/FileLockImpl
Event: 2.523 loading class sun/nio/ch/FileLockImpl done
Event: 2.523 loading class sun/nio/ch/FileLockTable
Event: 2.524 loading class sun/nio/ch/FileLockTable done
Event: 2.524 loading class sun/nio/ch/FileKey
Event: 2.524 loading class sun/nio/ch/FileKey done
Event: 2.524 loading class sun/nio/ch/FileLockTable$FileLockReference
Event: 2.524 loading class sun/nio/ch/FileLockTable$FileLockReference done
Event: 2.524 loading class java/nio/channels/spi/AbstractInterruptibleChannel$1
Event: 2.524 loading class sun/nio/ch/Interruptible
Event: 2.525 loading class sun/nio/ch/Interruptible done
Event: 2.525 loading class java/nio/channels/spi/AbstractInterruptibleChannel$1 done
Event: 2.526 loading class java/util/AbstractMap$2
Event: 2.526 loading class java/util/AbstractMap$2 done
Event: 2.526 loading class java/util/AbstractMap$2$1
Event: 2.526 loading class java/util/AbstractMap$2$1 done
Event: 2.542 loading class java/lang/invoke/MethodHandle$1
Event: 2.543 loading class java/lang/invoke/MethodHandle$1 done
Event: 2.731 loading class java/util/stream/Streams$RangeIntSpliterator
Event: 2.732 loading class java/util/stream/Streams$RangeIntSpliterator done


Dynamic libraries:
0x00007ff751b00000 - 0x00007ff751b10000 	C:\Program Files\Java\jdk-17\bin\java.exe
0x00007ffe3cb60000 - 0x00007ffe3cdc7000 	C:\WINDOWS\SYSTEM32\ntdll.dll
0x00007ffe3b270000 - 0x00007ffe3b33b000 	C:\WINDOWS\System32\KERNEL32.DLL
0x00007ffe39f70000 - 0x00007ffe3a372000 	C:\WINDOWS\System32\KERNELBASE.dll
0x00007ffe39d60000 - 0x00007ffe39eac000 	C:\WINDOWS\System32\ucrtbase.dll
0x00007ffe0ecb0000 - 0x00007ffe0eccb000 	C:\Program Files\Java\jdk-17\bin\VCRUNTIME140.dll
0x00007ffe0ec90000 - 0x00007ffe0eca9000 	C:\Program Files\Java\jdk-17\bin\jli.dll
0x00007ffe3ca50000 - 0x00007ffe3cb0c000 	C:\WINDOWS\System32\ADVAPI32.dll
0x00007ffe3b550000 - 0x00007ffe3b5f9000 	C:\WINDOWS\System32\msvcrt.dll
0x00007ffe3c8b0000 - 0x00007ffe3c959000 	C:\WINDOWS\System32\sechost.dll
0x00007ffe3a880000 - 0x00007ffe3a998000 	C:\WINDOWS\System32\RPCRT4.dll
0x00007ffe3b350000 - 0x00007ffe3b51f000 	C:\WINDOWS\System32\USER32.dll
0x00007ffe1ecf0000 - 0x00007ffe1ef80000 	C:\WINDOWS\WinSxS\amd64_microsoft.windows.common-controls_6595b64144ccf1df_6.0.26100.9278_none_3e0d1ba8e3303201\COMCTL32.dll
0x00007ffe3a850000 - 0x00007ffe3a877000 	C:\WINDOWS\System32\win32u.dll
0x00007ffe3ab60000 - 0x00007ffe3ab8b000 	C:\WINDOWS\System32\GDI32.dll
0x00007ffe3a440000 - 0x00007ffe3a569000 	C:\WINDOWS\System32\gdi32full.dll
0x00007ffe39ec0000 - 0x00007ffe39f63000 	C:\WINDOWS\System32\msvcp_win.dll
0x00007ffe1fc20000 - 0x00007ffe1fc2b000 	C:\WINDOWS\SYSTEM32\VERSION.dll
0x00007ffe3ba00000 - 0x00007ffe3ba31000 	C:\WINDOWS\System32\IMM32.DLL
0x00007ffe19ed0000 - 0x00007ffe19edc000 	C:\Program Files\Java\jdk-17\bin\vcruntime140_1.dll
0x00007ffdec0e0000 - 0x00007ffdec16e000 	C:\Program Files\Java\jdk-17\bin\msvcp140.dll
0x00007ffd7f120000 - 0x00007ffd7fd00000 	C:\Program Files\Java\jdk-17\bin\server\jvm.dll
0x00007ffe3ca40000 - 0x00007ffe3ca48000 	C:\WINDOWS\System32\PSAPI.DLL
0x00007ffe24280000 - 0x00007ffe2428a000 	C:\WINDOWS\SYSTEM32\WSOCK32.dll
0x00007ffe3b970000 - 0x00007ffe3b9f0000 	C:\WINDOWS\System32\WS2_32.dll
0x00007ffe2e9d0000 - 0x00007ffe2ea06000 	C:\WINDOWS\SYSTEM32\WINMM.dll
0x00007ffe38a30000 - 0x00007ffe38a4b000 	C:\WINDOWS\SYSTEM32\kernel.appcore.dll
0x00007ffe15d40000 - 0x00007ffe15d4a000 	C:\Program Files\Java\jdk-17\bin\jimage.dll
0x00007ffe37280000 - 0x00007ffe374cc000 	C:\WINDOWS\SYSTEM32\DBGHELP.DLL
0x00007ffe3bbe0000 - 0x00007ffe3bf65000 	C:\WINDOWS\System32\combase.dll
0x00007ffe3c960000 - 0x00007ffe3ca39000 	C:\WINDOWS\System32\OLEAUT32.dll
0x00007ffe26030000 - 0x00007ffe2606b000 	C:\WINDOWS\SYSTEM32\dbgcore.DLL
0x00007ffe3a380000 - 0x00007ffe3a42c000 	C:\WINDOWS\System32\bcryptPrimitives.dll
0x00007ffe0ec60000 - 0x00007ffe0ec85000 	C:\Program Files\Java\jdk-17\bin\java.dll
0x00007ffddc070000 - 0x00007ffddc147000 	C:\Program Files\Java\jdk-17\bin\jsvml.dll
0x00007ffe3bf70000 - 0x00007ffe3c708000 	C:\WINDOWS\System32\SHELL32.dll
0x00007ffe37660000 - 0x00007ffe37f0e000 	C:\WINDOWS\SYSTEM32\windows.storage.dll
0x00007ffe3b690000 - 0x00007ffe3b78b000 	C:\WINDOWS\System32\SHCORE.dll
0x00007ffe3a9f0000 - 0x00007ffe3aa56000 	C:\WINDOWS\System32\shlwapi.dll
0x00007ffe39c80000 - 0x00007ffe39ca9000 	C:\WINDOWS\SYSTEM32\profapi.dll
0x00007ffe01c60000 - 0x00007ffe01c79000 	C:\Program Files\Java\jdk-17\bin\net.dll
0x00007ffe2e680000 - 0x00007ffe2e7aa000 	C:\WINDOWS\SYSTEM32\WINHTTP.dll
0x00007ffe38ff0000 - 0x00007ffe3905c000 	C:\WINDOWS\system32\mswsock.dll
0x00007ffe00eb0000 - 0x00007ffe00ec6000 	C:\Program Files\Java\jdk-17\bin\nio.dll
0x00007ffdfe680000 - 0x00007ffdfe698000 	C:\Program Files\Java\jdk-17\bin\zip.dll
0x00007ffe0f0f0000 - 0x00007ffe0f114000 	C:\Program Files\JetBrains\IntelliJ IDEA 2026.2.3\plugins\maven-plugin\lib\maven3\lib\jansi-native\Windows\x86_64\jansi.dll
0x00007ffe28630000 - 0x00007ffe28640000 	C:\Program Files\Java\jdk-17\bin\verify.dll

dbghelp: loaded successfully - version: 4.0.5 - missing functions: none
symbol engine: initialized successfully - sym options: 0x614 - pdb path: .;C:\Program Files\Java\jdk-17\bin;C:\WINDOWS\SYSTEM32;C:\WINDOWS\WinSxS\amd64_microsoft.windows.common-controls_6595b64144ccf1df_6.0.26100.9278_none_3e0d1ba8e3303201;C:\Program Files\Java\jdk-17\bin\server;C:\Program Files\JetBrains\IntelliJ IDEA 2026.2.3\plugins\maven-plugin\lib\maven3\lib\jansi-native\Windows\x86_64

VM Arguments:
jvm_args: --enable-native-access=ALL-UNNAMED -Dfile.encoding=UTF-8 -Dclassworlds.conf=C:\Program Files\JetBrains\IntelliJ IDEA 2026.2.3\plugins\maven-plugin\lib\maven3\bin\m2.conf -Dmaven.home=C:\Program Files\JetBrains\IntelliJ IDEA 2026.2.3\plugins\maven-plugin\lib\maven3 -Dlibrary.jansi.path=C:\Program Files\JetBrains\IntelliJ IDEA 2026.2.3\plugins\maven-plugin\lib\maven3\lib\jansi-native -Dmaven.multiModuleProjectDirectory=C:\Users\RIADH\IdeaProjects\AutoLoc 
java_command: org.codehaus.plexus.classworlds.launcher.Launcher -Didea.version=2026.2.3 -Dmaven.ext.class.path=C:\Program Files\JetBrains\IntelliJ IDEA 2026.2.3\plugins\maven-plugin\lib\intellij.maven.rt\maven-event-listener.jar -Djansi.passthrough=true -Dstyle.color=always -Dmaven.repo.local=C:\Users\RIADH\.m2\repository clean -f pom.xml
java_class_path (initial): C:\Program Files\JetBrains\IntelliJ IDEA 2026.2.3\plugins\maven-plugin\lib\maven3\boot\plexus-classworlds-2.11.0.jar
Launcher Type: SUN_STANDARD

[Global flags]
     intx CICompilerCount                          = 4                                         {product} {ergonomic}
     uint ConcGCThreads                            = 3                                         {product} {ergonomic}
     uint G1ConcRefinementThreads                  = 10                                        {product} {ergonomic}
   size_t G1HeapRegionSize                         = 2097152                                   {product} {ergonomic}
    uintx GCDrainStackTargetSize                   = 64                                        {product} {ergonomic}
   size_t InitialHeapSize                          = 264241152                                 {product} {ergonomic}
   size_t MarkStackSize                            = 4194304                                   {product} {ergonomic}
   size_t MaxHeapSize                              = 4213178368                                {product} {ergonomic}
   size_t MaxNewSize                               = 2527068160                                {product} {ergonomic}
   size_t MinHeapDeltaBytes                        = 2097152                                   {product} {ergonomic}
   size_t MinHeapSize                              = 8388608                                   {product} {ergonomic}
    uintx NonNMethodCodeHeapSize                   = 5839372                                {pd product} {ergonomic}
    uintx NonProfiledCodeHeapSize                  = 122909434                              {pd product} {ergonomic}
    uintx ProfiledCodeHeapSize                     = 122909434                              {pd product} {ergonomic}
    uintx ReservedCodeCacheSize                    = 251658240                              {pd product} {ergonomic}
     bool SegmentedCodeCache                       = true                                      {product} {ergonomic}
   size_t SoftMaxHeapSize                          = 4213178368                             {manageable} {ergonomic}
     bool UseCompressedClassPointers               = true                           {product lp64_product} {ergonomic}
     bool UseCompressedOops                        = true                           {product lp64_product} {ergonomic}
     bool UseG1GC                                  = true                                      {product} {ergonomic}
     bool UseLargePagesIndividualAllocation        = false                                  {pd product} {ergonomic}

Logging:
Log output configuration:
 #0: stdout all=warning uptime,level,tags
 #1: stderr all=off uptime,level,tags

Environment Variables:
JAVA_HOME=C:\Program Files\Java\jdk-17
PATH=C:\Program Files\Common Files\Oracle\Java\javapath;C:\Users\RIADH\AppData\Roaming\npm;C:\Program Files\PostgreSQL\18\bin;C:\oraclexe\app\oracle\product\11.2.0\server\bin;C:\WINDOWS\system32;C:\WINDOWS;C:\WINDOWS\System32\Wbem;C:\WINDOWS\System32\WindowsPowerShell\v1.0\;C:\WINDOWS\System32\OpenSSH\;C:\Users\RIADH\Downloads\apache-maven-3.9.9-bin\apache-maven-3.9.9\bin;C:\\Users\\RIADH\\.jdks\\openjdk-24.0.1\bin;C:\xampp\php;C:\ProgramData\ComposerSetup\bin;C:\Users\RIADH\Downloads\symfony-cli_windows_amd64;C:\Program Files\Git\cmd;C:\Program Files\apache-maven-3.9.16\bin;C:\\Users\\RIADH\\.jdks\\openjdk-24.0.1\bin;C:\Program Files\apache-maven-3.9.16\bin;;%JAVA_HOME%\bin;C:\Program Files\MySQL\MySQL Shell 8.0\bin\;C:\Users\RIADH\AppData\Local\Programs\Python\Launcher\;C:\Users\RIADH\Desktop;C:\Program Files\Common Files\Oracle\Java\javapath;C:\Users\RIADH\AppData\Roaming\npm;C:\Program Files\PostgreSQL\18\bin;C:\oraclexe\app\oracle\product\11.2.0\server\bin;C:\WINDOWS\system32;C:\WINDOWS;C:\WINDOWS\System32\Wbem;C:\WINDOWS\System32\WindowsPowerShell\v1.0\;C:\WINDOWS\System32\OpenSSH\;C:\Users\RIADH\Downloads\apache-maven-3.9.9-bin\apache-maven-3.9.9\bin;C:\\Users\\RIADH\\.jdks\\openjdk-24.0.1\bin;C:\xampp\php;C:\ProgramData\ComposerSetup\bin;C:\Users\RIADH\Downloads\symfony-cli_windows_amd64;C:\Program Files\Git\cmd;C:\Program Files\apache-maven-3.9.16\bin;C:\\Users\\RIADH\\.jdks\\openjdk-24.0.1\bin;C:\Program Files\apache-maven-3.9.16\bin;;%JAVA_HOME%\bin;C:\Program Files\Java\jdk-17\\bin;C:\Users\RIADH\AppData\Local\GitHubDesktop\bin;C:\Program Files\nodejs\;C:\Users\RIADH\AppData\Local\Programs\Python\Python314\python.exe;C:\Users\RIADH\AppData\Local\Kingsoft\WPS Office\12.1.0.27458\clitool;C:\Program Files\JetBrains\IntelliJ IDEA 2026.2.3\bin
USERNAME=SARA
OS=Windows_NT
PROCESSOR_IDENTIFIER=Intel64 Family 6 Model 154 Stepping 4, GenuineIntel



---------------  S Y S T E M  ---------------

OS:
 Windows 11 , 64 bit Build 26100 (10.0.26100.9444)
OS uptime: 2 days 2:04 hours

CPU: total 12 (initial active 12) (12 cores per cpu, 1 threads per core) family 6 model 154 stepping 4 microcode 0x42c, cx8, cmov, fxsr, mmx, 3dnowpref, sse, sse2, sse3, ssse3, sse4.1, sse4.2, popcnt, lzcnt, tsc, tscinvbit, avx, avx2, aes, erms, clmul, bmi1, bmi2, adx, sha, fma, vzeroupper, clflush, clflushopt, clwb

Memory: 4k page, system-wide physical 16069M (943M free)
TotalPageFile size 20165M (AvailPageFile size 0M)
current process WorkingSet (physical memory assigned to process): 143M, peak: 143M
current process commit charge ("private bytes"): 389M, peak: 394M

vm_info: Java HotSpot(TM) 64-Bit Server VM (17.0.12+8-LTS-286) for windows-amd64 JRE (17.0.12+8-LTS-286), built on Jun  5 2024 06:46:59 by "mach5one" with MS VC++ 17.6 (VS2022)

END.
