#
# There is insufficient memory for the Java Runtime Environment to continue.
# Native memory allocation (malloc) failed to allocate 1071856 bytes for Chunk::new
# Possible reasons:
#   The system is out of physical RAM or swap space
#   The process is running with CompressedOops enabled, and the Java Heap may be blocking the growth of the native heap
# Possible solutions:
#   Reduce memory load on the system
#   Increase physical memory or swap space
#   Check if swap backing store is full
#   Decrease Java heap size (-Xmx/-Xms)
#   Decrease number of Java threads
#   Decrease Java thread stack sizes (-Xss)
#   Set larger code cache with -XX:ReservedCodeCacheSize=
#   JVM is running with Zero Based Compressed Oops mode in which the Java heap is
#     placed in the first 32GB address space. The Java Heap base address is the
#     maximum limit for the native heap growth. Please use -XX:HeapBaseMinAddress
#     to set the Java Heap base and to place the Java Heap above 32GB virtual address.
# This output file may be truncated or incomplete.
#
#  Out of Memory Error (arena.cpp:189), pid=7940, tid=7820
#
# JRE version: Java(TM) SE Runtime Environment (17.0.12+8) (build 17.0.12+8-LTS-286)
# Java VM: Java HotSpot(TM) 64-Bit Server VM (17.0.12+8-LTS-286, mixed mode, sharing, tiered, compressed oops, compressed class ptrs, g1 gc, windows-amd64)
# No core dump will be written. Minidumps are not enabled by default on client versions of Windows
#

---------------  S U M M A R Y ------------

Command Line: C:\Users\RIADH\AppData\Local\Temp\surefire1285913882747735483\surefirebooter-20260927222726693_3.jar C:\Users\RIADH\AppData\Local\Temp\surefire1285913882747735483 2026-09-27T22-27-26_498-jvmRun1 surefire-20260927222726693_1tmp surefire_0-20260927222726693_2tmp

Host: 12th Gen Intel(R) Core(TM) i5-1235U, 12 cores, 15G,  Windows 11 , 64 bit Build 26100 (10.0.26100.9444)
Time: Sun Sep 27 21:27:32 2026 Morocco Standard Time elapsed time: 5.744799 seconds (0d 0h 0m 5s)

---------------  T H R E A D  ---------------

Current thread (0x0000014e24301e90):  JavaThread "C2 CompilerThread1" daemon [_thread_in_native, id=7820, stack(0x0000001d22100000,0x0000001d22200000)]


Current CompileTask:
C2:   5744 5519       4       org.springframework.beans.factory.support.AbstractBeanFactory::isTypeMatch (776 bytes)

Stack: [0x0000001d22100000,0x0000001d22200000]
Native frames: (J=compiled Java code, j=interpreted, Vv=VM code, C=native code)
V  [jvm.dll+0x67a04a]
V  [jvm.dll+0x7da4ed]
V  [jvm.dll+0x7dbe33]
V  [jvm.dll+0x7dc4a3]
V  [jvm.dll+0x24508f]
V  [jvm.dll+0xab773]
V  [jvm.dll+0xabd3c]
V  [jvm.dll+0x2aa52f]
V  [jvm.dll+0x581eb9]
V  [jvm.dll+0x21f422]
V  [jvm.dll+0x2184c2]
V  [jvm.dll+0x215b65]
V  [jvm.dll+0x1a2960]
V  [jvm.dll+0x22610b]
V  [jvm.dll+0x2242ab]
V  [jvm.dll+0x79075c]
V  [jvm.dll+0x78abea]
V  [jvm.dll+0x678f35]
C  [ucrtbase.dll+0x2cd30]
C  [KERNEL32.DLL+0x2cd87]
C  [ntdll.dll+0xacaec]


---------------  P R O C E S S  ---------------

Threads class SMR info:
_java_thread_list=0x0000014e26ed1f40, length=19, elements={
0x0000014dbc002450, 0x0000014ddefea4f0, 0x0000014ddefecfd0, 0x0000014e24114140,
0x0000014e24116a20, 0x0000014e241172f0, 0x0000014e24117bc0, 0x0000014e24118dd0,
0x0000014e24134c00, 0x0000014e24137930, 0x0000014e24271570, 0x0000014e2429a530,
0x0000014e24301e90, 0x0000014e248ac310, 0x0000014e242f0ab0, 0x0000014e26ee2260,
0x0000014e26ee0e20, 0x0000014e26ee2770, 0x0000014e256a9ea0
}

Java Threads: ( => current thread )
  0x0000014dbc002450 JavaThread "main" [_thread_in_vm, id=16088, stack(0x0000001d20e00000,0x0000001d20f00000)]
  0x0000014ddefea4f0 JavaThread "Reference Handler" daemon [_thread_blocked, id=9120, stack(0x0000001d21500000,0x0000001d21600000)]
  0x0000014ddefecfd0 JavaThread "Finalizer" daemon [_thread_blocked, id=5540, stack(0x0000001d21600000,0x0000001d21700000)]
  0x0000014e24114140 JavaThread "Signal Dispatcher" daemon [_thread_blocked, id=10592, stack(0x0000001d21700000,0x0000001d21800000)]
  0x0000014e24116a20 JavaThread "Attach Listener" daemon [_thread_blocked, id=5188, stack(0x0000001d21800000,0x0000001d21900000)]
  0x0000014e241172f0 JavaThread "Service Thread" daemon [_thread_blocked, id=21028, stack(0x0000001d21900000,0x0000001d21a00000)]
  0x0000014e24117bc0 JavaThread "Monitor Deflation Thread" daemon [_thread_blocked, id=17120, stack(0x0000001d21a00000,0x0000001d21b00000)]
  0x0000014e24118dd0 JavaThread "C2 CompilerThread0" daemon [_thread_in_native, id=23108, stack(0x0000001d21b00000,0x0000001d21c00000)]
  0x0000014e24134c00 JavaThread "C1 CompilerThread0" daemon [_thread_blocked, id=8356, stack(0x0000001d21c00000,0x0000001d21d00000)]
  0x0000014e24137930 JavaThread "Sweeper thread" daemon [_thread_blocked, id=3176, stack(0x0000001d21d00000,0x0000001d21e00000)]
  0x0000014e24271570 JavaThread "Notification Thread" daemon [_thread_blocked, id=19432, stack(0x0000001d21e00000,0x0000001d21f00000)]
  0x0000014e2429a530 JavaThread "Common-Cleaner" daemon [_thread_blocked, id=21232, stack(0x0000001d22000000,0x0000001d22100000)]
=>0x0000014e24301e90 JavaThread "C2 CompilerThread1" daemon [_thread_in_native, id=7820, stack(0x0000001d22100000,0x0000001d22200000)]
  0x0000014e248ac310 JavaThread "surefire-forkedjvm-stream-flusher" daemon [_thread_blocked, id=22856, stack(0x0000001d22200000,0x0000001d22300000)]
  0x0000014e242f0ab0 JavaThread "surefire-forkedjvm-command-thread" daemon [_thread_in_native, id=23388, stack(0x0000001d22300000,0x0000001d22400000)]
  0x0000014e26ee2260 JavaThread "mysql-cj-abandoned-connection-cleanup" daemon [_thread_blocked, id=21828, stack(0x0000001d22d00000,0x0000001d22e00000)]
  0x0000014e26ee0e20 JavaThread "HikariPool-1:housekeeper" daemon [_thread_blocked, id=19128, stack(0x0000001d23200000,0x0000001d23300000)]
  0x0000014e26ee2770 JavaThread "HikariPool-1:connection-adder" daemon [_thread_blocked, id=7784, stack(0x0000001d23300000,0x0000001d23400000)]
  0x0000014e256a9ea0 JavaThread "C2 CompilerThread2" daemon [_thread_in_native, id=20584, stack(0x0000001d22400000,0x0000001d22500000)]

Other Threads:
  0x0000014ddefe5b30 VMThread "VM Thread" [stack: 0x0000001d21400000,0x0000001d21500000] [id=9812]
  0x0000014e24298290 WatcherThread [stack: 0x0000001d21f00000,0x0000001d22000000] [id=2564]
  0x0000014dbc06e0a0 GCTaskThread "GC Thread#0" [stack: 0x0000001d20f00000,0x0000001d21000000] [id=23052]
  0x0000014e243b1660 GCTaskThread "GC Thread#1" [stack: 0x0000001d22500000,0x0000001d22600000] [id=23152]
  0x0000014e243b0e20 GCTaskThread "GC Thread#2" [stack: 0x0000001d22600000,0x0000001d22700000] [id=3916]
  0x0000014e243b08a0 GCTaskThread "GC Thread#3" [stack: 0x0000001d22700000,0x0000001d22800000] [id=12148]
  0x0000014e243b1920 GCTaskThread "GC Thread#4" [stack: 0x0000001d22800000,0x0000001d22900000] [id=3940]
  0x0000014e243b05e0 GCTaskThread "GC Thread#5" [stack: 0x0000001d22900000,0x0000001d22a00000] [id=2356]
  0x0000014e243b13a0 GCTaskThread "GC Thread#6" [stack: 0x0000001d22a00000,0x0000001d22b00000] [id=15492]
  0x0000014e243b2160 GCTaskThread "GC Thread#7" [stack: 0x0000001d22b00000,0x0000001d22c00000] [id=15748]
  0x0000014e243b1be0 GCTaskThread "GC Thread#8" [stack: 0x0000001d22c00000,0x0000001d22d00000] [id=23524]
  0x0000014e267982c0 GCTaskThread "GC Thread#9" [stack: 0x0000001d22e00000,0x0000001d22f00000] [id=22868]
  0x0000014dbc07f6e0 ConcurrentGCThread "G1 Main Marker" [stack: 0x0000001d21000000,0x0000001d21100000] [id=20264]
  0x0000014dbc083660 ConcurrentGCThread "G1 Conc#0" [stack: 0x0000001d21100000,0x0000001d21200000] [id=10408]
  0x0000014e26798580 ConcurrentGCThread "G1 Conc#1" [stack: 0x0000001d22f00000,0x0000001d23000000] [id=15752]
  0x0000014e2679a3c0 ConcurrentGCThread "G1 Conc#2" [stack: 0x0000001d23000000,0x0000001d23100000] [id=13948]
  0x0000014dbc0ce8a0 ConcurrentGCThread "G1 Refine#0" [stack: 0x0000001d21200000,0x0000001d21300000] [id=20484]
  0x0000014ddee9d240 ConcurrentGCThread "G1 Service" [stack: 0x0000001d21300000,0x0000001d21400000] [id=8080]

Threads with active compile tasks:
C2 CompilerThread0     5774 5591       4       org.springframework.boot.context.properties.source.SystemEnvironmentPropertyMapper$$Lambda$715/0x0000014de0212b20::test (16 bytes)
C2 CompilerThread1     5775 5519       4       org.springframework.beans.factory.support.AbstractBeanFactory::isTypeMatch (776 bytes)
C2 CompilerThread2     5775 5592       4       java.util.function.BiPredicate$$Lambda$716/0x0000014de00f7b30::test (16 bytes)

VM state: not at safepoint (normal execution)

VM Mutex/Monitor currently owned by a thread: None

Heap address: 0x0000000704e00000, size: 4018 MB, Compressed Oops mode: Zero based, Oop shift amount: 3

CDS archive(s) mapped at: [0x0000014ddf000000-0x0000014ddfbd0000-0x0000014ddfbd0000), size 12386304, SharedBaseAddress: 0x0000014ddf000000, ArchiveRelocationMode: 1.
Compressed class space mapped at: 0x0000014de0000000-0x0000014e20000000, reserved size: 1073741824
Narrow klass base: 0x0000014ddf000000, Narrow klass shift: 0, Narrow klass range: 0x100000000

GC Precious Log:
 CPUs: 12 total, 12 available
 Memory: 16069M
 Large Page Support: Disabled
 NUMA Support: Disabled
 Compressed Oops: Enabled (Zero based)
 Heap Region Size: 2M
 Heap Min Capacity: 8M
 Heap Initial Capacity: 252M
 Heap Max Capacity: 4018M
 Pre-touch: Disabled
 Parallel Workers: 10
 Concurrent Workers: 3
 Concurrent Refinement Workers: 10
 Periodic GC: Disabled

Heap:
 garbage-first heap   total 81920K, used 52267K [0x0000000704e00000, 0x0000000800000000)
  region size 2048K, 16 young (32768K), 2 survivors (4096K)
 Metaspace       used 71190K, committed 71680K, reserved 1114112K
  class space    used 10063K, committed 10304K, reserved 1048576K

Heap Regions: E=young(eden), S=young(survivor), O=old, HS=humongous(starts), HC=humongous(continues), CS=collection set, F=free, OA=open archive, CA=closed archive, TAMS=top-at-mark-start (previous, next)
|   0|0x0000000704e00000, 0x0000000705000000, 0x0000000705000000|100%| O|  |TAMS 0x0000000705000000, 0x0000000704e00000| Untracked 
|   1|0x0000000705000000, 0x0000000705200000, 0x0000000705200000|100%| O|  |TAMS 0x0000000705200000, 0x0000000705000000| Untracked 
|   2|0x0000000705200000, 0x0000000705400000, 0x0000000705400000|100%| O|  |TAMS 0x0000000705400000, 0x0000000705200000| Untracked 
|   3|0x0000000705400000, 0x00000007055b0200, 0x0000000705600000| 84%| O|  |TAMS 0x00000007055b0200, 0x0000000705400000| Untracked 
|   4|0x0000000705600000, 0x0000000705800000, 0x0000000705800000|100%| O|  |TAMS 0x0000000705800000, 0x0000000705600000| Untracked 
|   5|0x0000000705800000, 0x0000000705a00000, 0x0000000705a00000|100%| O|  |TAMS 0x0000000705a00000, 0x0000000705800000| Untracked 
|   6|0x0000000705a00000, 0x0000000705aa1e00, 0x0000000705c00000| 31%| O|  |TAMS 0x0000000705aa1e00, 0x0000000705a00000| Untracked 
|   7|0x0000000705c00000, 0x0000000705e00000, 0x0000000705e00000|100%| O|  |TAMS 0x0000000705e00000, 0x0000000705c00000| Untracked 
|   8|0x0000000705e00000, 0x0000000706000000, 0x0000000706000000|100%| O|  |TAMS 0x0000000706000000, 0x0000000705e00000| Untracked 
|   9|0x0000000706000000, 0x0000000706200000, 0x0000000706200000|100%| O|  |TAMS 0x0000000706200000, 0x0000000706000000| Untracked 
|  10|0x0000000706200000, 0x0000000706400000, 0x0000000706400000|100%| O|  |TAMS 0x0000000706400000, 0x0000000706200000| Untracked 
|  11|0x0000000706400000, 0x0000000706600000, 0x0000000706600000|100%| O|  |TAMS 0x0000000706600000, 0x0000000706400000| Untracked 
|  12|0x0000000706600000, 0x00000007066e2c00, 0x0000000706800000| 44%| O|  |TAMS 0x00000007066e2c00, 0x0000000706600000| Untracked 
|  13|0x0000000706800000, 0x0000000706800000, 0x0000000706a00000|  0%| F|  |TAMS 0x0000000706800000, 0x0000000706800000| Untracked 
|  14|0x0000000706a00000, 0x0000000706a00000, 0x0000000706c00000|  0%| F|  |TAMS 0x0000000706a00000, 0x0000000706a00000| Untracked 
|  15|0x0000000706c00000, 0x0000000706c00000, 0x0000000706e00000|  0%| F|  |TAMS 0x0000000706c00000, 0x0000000706c00000| Untracked 
|  16|0x0000000706e00000, 0x0000000706e00000, 0x0000000707000000|  0%| F|  |TAMS 0x0000000706e00000, 0x0000000706e00000| Untracked 
|  17|0x0000000707000000, 0x0000000707000000, 0x0000000707200000|  0%| F|  |TAMS 0x0000000707000000, 0x0000000707000000| Untracked 
|  18|0x0000000707200000, 0x0000000707200000, 0x0000000707400000|  0%| F|  |TAMS 0x0000000707200000, 0x0000000707200000| Untracked 
|  19|0x0000000707400000, 0x00000007075d6350, 0x0000000707600000| 91%| S|CS|TAMS 0x0000000707400000, 0x0000000707400000| Complete 
|  20|0x0000000707600000, 0x0000000707800000, 0x0000000707800000|100%| S|CS|TAMS 0x0000000707600000, 0x0000000707600000| Complete 
|  21|0x0000000707800000, 0x0000000707800000, 0x0000000707a00000|  0%| F|  |TAMS 0x0000000707800000, 0x0000000707800000| Untracked 
|  22|0x0000000707a00000, 0x0000000707a00000, 0x0000000707c00000|  0%| F|  |TAMS 0x0000000707a00000, 0x0000000707a00000| Untracked 
|  23|0x0000000707c00000, 0x0000000707c00000, 0x0000000707e00000|  0%| F|  |TAMS 0x0000000707c00000, 0x0000000707c00000| Untracked 
|  24|0x0000000707e00000, 0x0000000707e00000, 0x0000000708000000|  0%| F|  |TAMS 0x0000000707e00000, 0x0000000707e00000| Untracked 
|  25|0x0000000708000000, 0x0000000708000000, 0x0000000708200000|  0%| F|  |TAMS 0x0000000708000000, 0x0000000708000000| Untracked 
|  26|0x0000000708200000, 0x00000007082a5740, 0x0000000708400000| 32%| E|  |TAMS 0x0000000708200000, 0x0000000708200000| Complete 
|  27|0x0000000708400000, 0x0000000708600000, 0x0000000708600000|100%| E|CS|TAMS 0x0000000708400000, 0x0000000708400000| Complete 
|  28|0x0000000708600000, 0x0000000708800000, 0x0000000708800000|100%| E|  |TAMS 0x0000000708600000, 0x0000000708600000| Complete 
|  29|0x0000000708800000, 0x0000000708a00000, 0x0000000708a00000|100%| E|CS|TAMS 0x0000000708800000, 0x0000000708800000| Complete 
|  30|0x0000000708a00000, 0x0000000708c00000, 0x0000000708c00000|100%| E|CS|TAMS 0x0000000708a00000, 0x0000000708a00000| Complete 
|  31|0x0000000708c00000, 0x0000000708e00000, 0x0000000708e00000|100%| E|CS|TAMS 0x0000000708c00000, 0x0000000708c00000| Complete 
|  32|0x0000000708e00000, 0x0000000709000000, 0x0000000709000000|100%| E|CS|TAMS 0x0000000708e00000, 0x0000000708e00000| Complete 
|  33|0x0000000709000000, 0x0000000709200000, 0x0000000709200000|100%| E|CS|TAMS 0x0000000709000000, 0x0000000709000000| Complete 
|  34|0x0000000709200000, 0x0000000709400000, 0x0000000709400000|100%| E|CS|TAMS 0x0000000709200000, 0x0000000709200000| Complete 
|  35|0x0000000709400000, 0x0000000709600000, 0x0000000709600000|100%| E|CS|TAMS 0x0000000709400000, 0x0000000709400000| Complete 
|  36|0x0000000709600000, 0x0000000709800000, 0x0000000709800000|100%| E|CS|TAMS 0x0000000709600000, 0x0000000709600000| Complete 
|  72|0x000000070de00000, 0x000000070e000000, 0x000000070e000000|100%| E|CS|TAMS 0x000000070de00000, 0x000000070de00000| Complete 
|  98|0x0000000711200000, 0x0000000711400000, 0x0000000711400000|100%| E|CS|TAMS 0x0000000711200000, 0x0000000711200000| Complete 
| 125|0x0000000714800000, 0x0000000714a00000, 0x0000000714a00000|100%| E|CS|TAMS 0x0000000714800000, 0x0000000714800000| Complete 

Card table byte_map: [0x0000014dd35f0000,0x0000014dd3dd0000] _byte_map_base: 0x0000014dcfdc9000

Marking Bits (Prev, Next): (CMBitMap*) 0x0000014dbc06e610, (CMBitMap*) 0x0000014dbc06e5d0
 Prev Bits: [0x0000014dd8480000, 0x0000014ddc348000)
 Next Bits: [0x0000014dd45b0000, 0x0000014dd8478000)

Polling page: 0x0000014db9ef0000

Metaspace:

Usage:
  Non-class:     59.70 MB used.
      Class:      9.83 MB used.
       Both:     69.53 MB used.

Virtual space:
  Non-class space:       64.00 MB reserved,      59.94 MB ( 94%) committed,  1 nodes.
      Class space:        1.00 GB reserved,      10.06 MB ( <1%) committed,  1 nodes.
             Both:        1.06 GB reserved,      70.00 MB (  6%) committed. 

Chunk freelists:
   Non-Class:  3.88 MB
       Class:  5.89 MB
        Both:  9.77 MB

MaxMetaspaceSize: unlimited
CompressedClassSpaceSize: 1.00 GB
Initial GC threshold: 21.00 MB
Current GC threshold: 98.69 MB
CDS: on
MetaspaceReclaimPolicy: balanced
 - commit_granule_bytes: 65536.
 - commit_granule_words: 8192.
 - virtual_space_node_default_size: 8388608.
 - enlarge_chunks_in_place: 1.
 - new_chunks_are_fully_committed: 0.
 - uncommit_free_chunks: 1.
 - use_allocation_guard: 0.
 - handle_deallocations: 1.


Internal statistics:

num_allocs_failed_limit: 11.
num_arena_births: 766.
num_arena_deaths: 0.
num_vsnodes_births: 2.
num_vsnodes_deaths: 0.
num_space_committed: 1120.
num_space_uncommitted: 0.
num_chunks_returned_to_freelist: 11.
num_chunks_taken_from_freelist: 3280.
num_chunk_merges: 8.
num_chunk_splits: 2361.
num_chunks_enlarged: 1880.
num_inconsistent_stats: 0.

CodeHeap 'non-profiled nmethods': size=120000Kb used=3562Kb max_used=3562Kb free=116437Kb
 bounds [0x0000014dcb390000, 0x0000014dcb710000, 0x0000014dd28c0000]
CodeHeap 'profiled nmethods': size=120000Kb used=9720Kb max_used=9720Kb free=110279Kb
 bounds [0x0000014dc38c0000, 0x0000014dc4250000, 0x0000014dcadf0000]
CodeHeap 'non-nmethods': size=5760Kb used=1369Kb max_used=1438Kb free=4390Kb
 bounds [0x0000014dcadf0000, 0x0000014dcb060000, 0x0000014dcb390000]
 total_blobs=5606 nmethods=4901 adapters=617
 compilation: enabled
              stopped_count=0, restarted_count=0
 full_count=0

Compilation events (20 events):
Event: 5.532 Thread 0x0000014e24134c00 5625       2       org.springframework.util.ClassUtils::isAssignable (93 bytes)
Event: 5.533 Thread 0x0000014e24134c00 nmethod 5625 0x0000014dc423ec10 code [0x0000014dc423ee20, 0x0000014dc423f2b8]
Event: 5.533 Thread 0x0000014e24134c00 5626       2       java.util.TimSort::countRunAndMakeAscending (128 bytes)
Event: 5.534 Thread 0x0000014e24134c00 nmethod 5626 0x0000014dc423f510 code [0x0000014dc423f700, 0x0000014dc423faf8]
Event: 5.548 Thread 0x0000014e24134c00 5627       2       java.lang.Class::isAnnotation (17 bytes)
Event: 5.548 Thread 0x0000014e24134c00 nmethod 5627 0x0000014dc423fd90 code [0x0000014dc423ff20, 0x0000014dc4240058]
Event: 5.549 Thread 0x0000014e24134c00 5628       2       org.springframework.core.annotation.TypeMappedAnnotations::stream (24 bytes)
Event: 5.549 Thread 0x0000014e24134c00 nmethod 5628 0x0000014dc4240110 code [0x0000014dc42402c0, 0x0000014dc4240468]
Event: 5.549 Thread 0x0000014e24134c00 5629   !   2       jdk.proxy2.$Proxy28::value (29 bytes)
Event: 5.550 Thread 0x0000014e24134c00 nmethod 5629 0x0000014dc4240590 code [0x0000014dc4240740, 0x0000014dc42409b8]
Event: 5.550 Thread 0x0000014e24134c00 5630       2       java.util.HashSet::clear (8 bytes)
Event: 5.550 Thread 0x0000014e24134c00 nmethod 5630 0x0000014dc4240b10 code [0x0000014dc4240ca0, 0x0000014dc4240dc8]
Event: 5.567 Thread 0x0000014e24118dd0 nmethod 5444 0x0000014dcb6d8990 code [0x0000014dcb6d9240, 0x0000014dcb6e0688]
Event: 5.568 Thread 0x0000014e24118dd0 5595       4       java.lang.Class::getMethodsRecursive (99 bytes)
Event: 5.582 Thread 0x0000014e24134c00 5631       3       jdk.internal.loader.ClassLoaders$AppClassLoader::defineOrCheckPackage (8 bytes)
Event: 5.582 Thread 0x0000014e24134c00 nmethod 5631 0x0000014dc4240e90 code [0x0000014dc4241020, 0x0000014dc4241168]
Event: 5.610 Thread 0x0000014e24301e90 nmethod 5412 0x0000014dcb6e6290 code [0x0000014dcb6e6b20, 0x0000014dcb6efdc8]
Event: 5.610 Thread 0x0000014e24301e90 5519       4       org.springframework.beans.factory.support.AbstractBeanFactory::isTypeMatch (776 bytes)
Event: 5.680 Thread 0x0000014e256a9ea0 nmethod 5283 0x0000014dcb6f5e10 code [0x0000014dcb6f6660, 0x0000014dcb6fcfb0]
Event: 5.682 Thread 0x0000014e256a9ea0 5592       4       java.util.function.BiPredicate$$Lambda$716/0x0000014de00f7b30::test (16 bytes)

GC Heap History (20 events):
Event: 1.666 GC heap before
{Heap before GC invocations=2 (full 0):
 garbage-first heap   total 258048K, used 54976K [0x0000000704e00000, 0x0000000800000000)
  region size 2048K, 25 young (51200K), 1 survivors (2048K)
 Metaspace       used 21064K, committed 21504K, reserved 1114112K
  class space    used 2835K, committed 3072K, reserved 1048576K
}
Event: 1.670 GC heap after
{Heap after GC invocations=3 (full 0):
 garbage-first heap   total 258048K, used 13270K [0x0000000704e00000, 0x0000000800000000)
  region size 2048K, 3 young (6144K), 3 survivors (6144K)
 Metaspace       used 21064K, committed 21504K, reserved 1114112K
  class space    used 2835K, committed 3072K, reserved 1048576K
}
Event: 1.949 GC heap before
{Heap before GC invocations=4 (full 0):
 garbage-first heap   total 55296K, used 37846K [0x0000000704e00000, 0x0000000800000000)
  region size 2048K, 17 young (34816K), 3 survivors (6144K)
 Metaspace       used 26106K, committed 26560K, reserved 1114112K
  class space    used 3472K, committed 3712K, reserved 1048576K
}
Event: 1.954 GC heap after
{Heap after GC invocations=5 (full 0):
 garbage-first heap   total 55296K, used 15960K [0x0000000704e00000, 0x0000000800000000)
  region size 2048K, 4 young (8192K), 4 survivors (8192K)
 Metaspace       used 26106K, committed 26560K, reserved 1114112K
  class space    used 3472K, committed 3712K, reserved 1048576K
}
Event: 2.120 GC heap before
{Heap before GC invocations=5 (full 0):
 garbage-first heap   total 55296K, used 34392K [0x0000000704e00000, 0x0000000800000000)
  region size 2048K, 13 young (26624K), 4 survivors (8192K)
 Metaspace       used 28500K, committed 28992K, reserved 1114112K
  class space    used 3866K, committed 4096K, reserved 1048576K
}
Event: 2.127 GC heap after
{Heap after GC invocations=6 (full 0):
 garbage-first heap   total 55296K, used 17338K [0x0000000704e00000, 0x0000000800000000)
  region size 2048K, 1 young (2048K), 1 survivors (2048K)
 Metaspace       used 28500K, committed 28992K, reserved 1114112K
  class space    used 3866K, committed 4096K, reserved 1048576K
}
Event: 2.478 GC heap before
{Heap before GC invocations=6 (full 0):
 garbage-first heap   total 55296K, used 35770K [0x0000000704e00000, 0x0000000800000000)
  region size 2048K, 10 young (20480K), 1 survivors (2048K)
 Metaspace       used 31220K, committed 31616K, reserved 1114112K
  class space    used 4249K, committed 4416K, reserved 1048576K
}
Event: 2.482 GC heap after
{Heap after GC invocations=7 (full 0):
 garbage-first heap   total 55296K, used 18390K [0x0000000704e00000, 0x0000000800000000)
  region size 2048K, 2 young (4096K), 2 survivors (4096K)
 Metaspace       used 31220K, committed 31616K, reserved 1114112K
  class space    used 4249K, committed 4416K, reserved 1048576K
}
Event: 2.800 GC heap before
{Heap before GC invocations=7 (full 0):
 garbage-first heap   total 55296K, used 36822K [0x0000000704e00000, 0x0000000800000000)
  region size 2048K, 11 young (22528K), 2 survivors (4096K)
 Metaspace       used 34189K, committed 34624K, reserved 1114112K
  class space    used 4627K, committed 4800K, reserved 1048576K
}
Event: 2.806 GC heap after
{Heap after GC invocations=8 (full 0):
 garbage-first heap   total 157696K, used 20093K [0x0000000704e00000, 0x0000000800000000)
  region size 2048K, 2 young (4096K), 2 survivors (4096K)
 Metaspace       used 34189K, committed 34624K, reserved 1114112K
  class space    used 4627K, committed 4800K, reserved 1048576K
}
Event: 2.933 GC heap before
{Heap before GC invocations=8 (full 0):
 garbage-first heap   total 157696K, used 24189K [0x0000000704e00000, 0x0000000800000000)
  region size 2048K, 5 young (10240K), 2 survivors (4096K)
 Metaspace       used 35552K, committed 35968K, reserved 1114112K
  class space    used 4808K, committed 4992K, reserved 1048576K
}
Event: 2.937 GC heap after
{Heap after GC invocations=9 (full 0):
 garbage-first heap   total 157696K, used 20392K [0x0000000704e00000, 0x0000000800000000)
  region size 2048K, 2 young (4096K), 2 survivors (4096K)
 Metaspace       used 35552K, committed 35968K, reserved 1114112K
  class space    used 4808K, committed 4992K, reserved 1048576K
}
Event: 3.856 GC heap before
{Heap before GC invocations=10 (full 0):
 garbage-first heap   total 81920K, used 65448K [0x0000000704e00000, 0x0000000800000000)
  region size 2048K, 24 young (49152K), 2 survivors (4096K)
 Metaspace       used 49567K, committed 50112K, reserved 1114112K
  class space    used 6893K, committed 7168K, reserved 1048576K
}
Event: 3.864 GC heap after
{Heap after GC invocations=11 (full 0):
 garbage-first heap   total 81920K, used 23974K [0x0000000704e00000, 0x0000000800000000)
  region size 2048K, 3 young (6144K), 3 survivors (6144K)
 Metaspace       used 49567K, committed 50112K, reserved 1114112K
  class space    used 6893K, committed 7168K, reserved 1048576K
}
Event: 4.340 GC heap before
{Heap before GC invocations=11 (full 0):
 garbage-first heap   total 81920K, used 58790K [0x0000000704e00000, 0x0000000800000000)
  region size 2048K, 21 young (43008K), 3 survivors (6144K)
 Metaspace       used 57466K, committed 57920K, reserved 1114112K
  class space    used 7907K, committed 8128K, reserved 1048576K
}
Event: 4.347 GC heap after
{Heap after GC invocations=12 (full 0):
 garbage-first heap   total 81920K, used 26304K [0x0000000704e00000, 0x0000000800000000)
  region size 2048K, 2 young (4096K), 2 survivors (4096K)
 Metaspace       used 57466K, committed 57920K, reserved 1114112K
  class space    used 7907K, committed 8128K, reserved 1048576K
}
Event: 4.441 GC heap before
{Heap before GC invocations=12 (full 0):
 garbage-first heap   total 81920K, used 30400K [0x0000000704e00000, 0x0000000800000000)
  region size 2048K, 5 young (10240K), 2 survivors (4096K)
 Metaspace       used 59759K, committed 60288K, reserved 1114112K
  class space    used 8286K, committed 8512K, reserved 1048576K
}
Event: 4.444 GC heap after
{Heap after GC invocations=13 (full 0):
 garbage-first heap   total 81920K, used 26359K [0x0000000704e00000, 0x0000000800000000)
  region size 2048K, 2 young (4096K), 2 survivors (4096K)
 Metaspace       used 59759K, committed 60288K, reserved 1114112K
  class space    used 8286K, committed 8512K, reserved 1048576K
}
Event: 4.976 GC heap before
{Heap before GC invocations=14 (full 0):
 garbage-first heap   total 81920K, used 61175K [0x0000000704e00000, 0x0000000800000000)
  region size 2048K, 19 young (38912K), 2 survivors (4096K)
 Metaspace       used 66829K, committed 67392K, reserved 1114112K
  class space    used 9454K, committed 9728K, reserved 1048576K
}
Event: 4.982 GC heap after
{Heap after GC invocations=15 (full 0):
 garbage-first heap   total 81920K, used 27691K [0x0000000704e00000, 0x0000000800000000)
  region size 2048K, 2 young (4096K), 2 survivors (4096K)
 Metaspace       used 66829K, committed 67392K, reserved 1114112K
  class space    used 9454K, committed 9728K, reserved 1048576K
}

Deoptimization events (20 events):
Event: 5.552 Thread 0x0000014dbc002450 Uncommon trap: trap_request=0xffffff45 fr.pc=0x0000014dcb653014 relative=0x0000000000004f74
Event: 5.552 Thread 0x0000014dbc002450 Uncommon trap: reason=unstable_if action=reinterpret pc=0x0000014dcb653014 method=jdk.internal.loader.BuiltinClassLoader.defineOrCheckPackage(Ljava/lang/String;Ljava/util/jar/Manifest;Ljava/net/URL;)Ljava/lang/Package; @ 15 c2
Event: 5.552 Thread 0x0000014dbc002450 DEOPT PACKING pc=0x0000014dcb653014 sp=0x0000001d20efb5a0
Event: 5.552 Thread 0x0000014dbc002450 DEOPT UNPACKING pc=0x0000014dcae423a3 sp=0x0000001d20efb558 mode 2
Event: 5.559 Thread 0x0000014dbc002450 Uncommon trap: trap_request=0xffffffde fr.pc=0x0000014dcb5ee61c relative=0x0000000000000b5c
Event: 5.559 Thread 0x0000014dbc002450 Uncommon trap: reason=class_check action=maybe_recompile pc=0x0000014dcb5ee61c method=org.springframework.core.annotation.AnnotationsScanner.isWithoutHierarchy(Ljava/lang/reflect/AnnotatedElement;Ljava/util/function/Predicate;)Z @ 45 c2
Event: 5.559 Thread 0x0000014dbc002450 DEOPT PACKING pc=0x0000014dcb5ee61c sp=0x0000001d20efc690
Event: 5.559 Thread 0x0000014dbc002450 DEOPT UNPACKING pc=0x0000014dcae423a3 sp=0x0000001d20efc658 mode 2
Event: 5.559 Thread 0x0000014dbc002450 Uncommon trap: trap_request=0xffffffde fr.pc=0x0000014dcb6b1030 relative=0x0000000000003e10
Event: 5.559 Thread 0x0000014dbc002450 Uncommon trap: reason=class_check action=maybe_recompile pc=0x0000014dcb6b1030 method=org.springframework.core.annotation.AnnotationsScanner.processClassHierarchy(Ljava/lang/Object;[ILjava/lang/Class;Lorg/springframework/core/annotation/AnnotationsProcess
Event: 5.559 Thread 0x0000014dbc002450 DEOPT PACKING pc=0x0000014dcb6b1030 sp=0x0000001d20efc430
Event: 5.559 Thread 0x0000014dbc002450 DEOPT UNPACKING pc=0x0000014dcae423a3 sp=0x0000001d20efc480 mode 2
Event: 5.560 Thread 0x0000014dbc002450 Uncommon trap: trap_request=0xffffffde fr.pc=0x0000014dcb5ee61c relative=0x0000000000000b5c
Event: 5.560 Thread 0x0000014dbc002450 Uncommon trap: reason=class_check action=maybe_recompile pc=0x0000014dcb5ee61c method=org.springframework.core.annotation.AnnotationsScanner.isWithoutHierarchy(Ljava/lang/reflect/AnnotatedElement;Ljava/util/function/Predicate;)Z @ 45 c2
Event: 5.560 Thread 0x0000014dbc002450 DEOPT PACKING pc=0x0000014dcb5ee61c sp=0x0000001d20efc5f0
Event: 5.560 Thread 0x0000014dbc002450 DEOPT UNPACKING pc=0x0000014dcae423a3 sp=0x0000001d20efc5b8 mode 2
Event: 5.560 Thread 0x0000014dbc002450 Uncommon trap: trap_request=0xffffffde fr.pc=0x0000014dcb6b1030 relative=0x0000000000003e10
Event: 5.560 Thread 0x0000014dbc002450 Uncommon trap: reason=class_check action=maybe_recompile pc=0x0000014dcb6b1030 method=org.springframework.core.annotation.AnnotationsScanner.processClassHierarchy(Ljava/lang/Object;[ILjava/lang/Class;Lorg/springframework/core/annotation/AnnotationsProcess
Event: 5.560 Thread 0x0000014dbc002450 DEOPT PACKING pc=0x0000014dcb6b1030 sp=0x0000001d20efc390
Event: 5.560 Thread 0x0000014dbc002450 DEOPT UNPACKING pc=0x0000014dcae423a3 sp=0x0000001d20efc3e0 mode 2

Classes unloaded (0 events):
No events

Classes redefined (0 events):
No events

Internal exceptions (20 events):
Event: 5.239 Thread 0x0000014dbc002450 Implicit null exception at 0x0000014dcb53b53d to 0x0000014dcb53b5f6
Event: 5.387 Thread 0x0000014dbc002450 Exception <a 'java/lang/IncompatibleClassChangeError'{0x0000000708c8eda0}: Found class java.lang.Object, but interface was expected> (0x0000000708c8eda0) 
thrown [s\open\src\hotspot\share\interpreter\linkResolver.cpp, line 826]
Event: 5.402 Thread 0x0000014dbc002450 Implicit null exception at 0x0000014dcb50c0ef to 0x0000014dcb510580
Event: 5.402 Thread 0x0000014dbc002450 Implicit null exception at 0x0000014dcb564e14 to 0x0000014dcb564e80
Event: 5.493 Thread 0x0000014dbc002450 Exception <a 'java/lang/NoSuchMethodError'{0x00000007089c5be8}: 'void java.lang.invoke.DirectMethodHandle$Holder.invokeInterface(java.lang.Object, java.lang.Object, int)'> (0x00000007089c5be8) 
thrown [s\open\src\hotspot\share\interpreter\linkResolver.cpp, line 759]
Event: 5.494 Thread 0x0000014dbc002450 Exception <a 'java/lang/IncompatibleClassChangeError'{0x00000007089d68a0}: Found class java.lang.Object, but interface was expected> (0x00000007089d68a0) 
thrown [s\open\src\hotspot\share\interpreter\linkResolver.cpp, line 826]
Event: 5.495 Thread 0x0000014dbc002450 Exception <a 'java/lang/IncompatibleClassChangeError'{0x00000007089dd910}: Found class java.lang.Object, but interface was expected> (0x00000007089dd910) 
thrown [s\open\src\hotspot\share\interpreter\linkResolver.cpp, line 826]
Event: 5.495 Thread 0x0000014dbc002450 Exception <a 'java/lang/IncompatibleClassChangeError'{0x00000007089e4e18}: Found class java.lang.Object, but interface was expected> (0x00000007089e4e18) 
thrown [s\open\src\hotspot\share\interpreter\linkResolver.cpp, line 826]
Event: 5.495 Thread 0x0000014dbc002450 Exception <a 'java/lang/IncompatibleClassChangeError'{0x00000007089ec5a0}: Found class java.lang.Object, but interface was expected> (0x00000007089ec5a0) 
thrown [s\open\src\hotspot\share\interpreter\linkResolver.cpp, line 826]
Event: 5.496 Thread 0x0000014dbc002450 Exception <a 'java/lang/IncompatibleClassChangeError'{0x00000007089fa810}: Found class java.lang.Object, but interface was expected> (0x00000007089fa810) 
thrown [s\open\src\hotspot\share\interpreter\linkResolver.cpp, line 826]
Event: 5.498 Thread 0x0000014dbc002450 Exception <a 'java/lang/IncompatibleClassChangeError'{0x0000000708615630}: Found class java.lang.Object, but interface was expected> (0x0000000708615630) 
thrown [s\open\src\hotspot\share\interpreter\linkResolver.cpp, line 826]
Event: 5.498 Thread 0x0000014dbc002450 Exception <a 'java/lang/IncompatibleClassChangeError'{0x00000007086197f0}: Found class java.lang.Object, but interface was expected> (0x00000007086197f0) 
thrown [s\open\src\hotspot\share\interpreter\linkResolver.cpp, line 826]
Event: 5.499 Thread 0x0000014dbc002450 Exception <a 'java/lang/IncompatibleClassChangeError'{0x000000070862a3f0}: Found class java.lang.Object, but interface was expected> (0x000000070862a3f0) 
thrown [s\open\src\hotspot\share\interpreter\linkResolver.cpp, line 826]
Event: 5.499 Thread 0x0000014dbc002450 Exception <a 'java/lang/IncompatibleClassChangeError'{0x0000000708631938}: Found class java.lang.Object, but interface was expected> (0x0000000708631938) 
thrown [s\open\src\hotspot\share\interpreter\linkResolver.cpp, line 826]
Event: 5.500 Thread 0x0000014dbc002450 Exception <a 'java/lang/IncompatibleClassChangeError'{0x000000070863cc10}: Found class java.lang.Object, but interface was expected> (0x000000070863cc10) 
thrown [s\open\src\hotspot\share\interpreter\linkResolver.cpp, line 826]
Event: 5.500 Thread 0x0000014dbc002450 Exception <a 'java/lang/NoSuchMethodError'{0x0000000708645a70}: 'void java.lang.invoke.DirectMethodHandle$Holder.invokeStatic(java.lang.Object, int, java.lang.Object)'> (0x0000000708645a70) 
thrown [s\open\src\hotspot\share\interpreter\linkResolver.cpp, line 759]
Event: 5.521 Thread 0x0000014dbc002450 Exception <a 'java/lang/NoSuchMethodError'{0x00000007087639a0}: 'java.lang.Object java.lang.invoke.DirectMethodHandle$Holder.newInvokeSpecial(java.lang.Object, java.lang.Object, int, java.lang.Object, java.lang.Object)'> (0x00000007087639a0) 
thrown [s\open\src\hotspot\share\interpreter\linkResolver.cpp, line 759]
Event: 5.578 Thread 0x0000014dbc002450 Exception <a 'java/lang/reflect/InvocationTargetException'{0x00000007085a96b0}> (0x00000007085a96b0) 
thrown [s\open\src\hotspot\share\runtime\reflection.cpp, line 1121]
Event: 5.585 Thread 0x0000014dbc002450 Exception <a 'java/lang/reflect/InvocationTargetException'{0x00000007085efe20}> (0x00000007085efe20) 
thrown [s\open\src\hotspot\share\runtime\reflection.cpp, line 1121]
Event: 5.598 Thread 0x0000014dbc002450 Exception <a 'java/lang/NoSuchMethodError'{0x000000070820fcd8}: 'void java.lang.invoke.DirectMethodHandle$Holder.invokeStatic(java.lang.Object, long)'> (0x000000070820fcd8) 
thrown [s\open\src\hotspot\share\interpreter\linkResolver.cpp, line 759]

VM Operations (20 events):
Event: 4.454 Executing VM operation: G1Concurrent
Event: 4.458 Executing VM operation: G1Concurrent done
Event: 4.463 Executing VM operation: G1Concurrent
Event: 4.463 Executing VM operation: G1Concurrent done
Event: 4.501 Executing VM operation: HandshakeAllThreads
Event: 4.501 Executing VM operation: HandshakeAllThreads done
Event: 4.519 Executing VM operation: HandshakeAllThreads
Event: 4.519 Executing VM operation: HandshakeAllThreads done
Event: 4.589 Executing VM operation: HandshakeAllThreads
Event: 4.589 Executing VM operation: HandshakeAllThreads done
Event: 4.915 Executing VM operation: ICBufferFull
Event: 4.915 Executing VM operation: ICBufferFull done
Event: 4.976 Executing VM operation: G1CollectForAllocation
Event: 4.982 Executing VM operation: G1CollectForAllocation done
Event: 5.200 Executing VM operation: HandshakeAllThreads
Event: 5.200 Executing VM operation: HandshakeAllThreads done
Event: 5.231 Executing VM operation: HandshakeAllThreads
Event: 5.231 Executing VM operation: HandshakeAllThreads done
Event: 5.277 Executing VM operation: HandshakeAllThreads
Event: 5.277 Executing VM operation: HandshakeAllThreads done

Events (20 events):
Event: 5.581 loading class java/security/DomainCombiner
Event: 5.581 loading class java/security/DomainCombiner done
Event: 5.589 loading class java/util/jar/JarInputStream
Event: 5.589 loading class java/util/zip/ZipInputStream
Event: 5.589 loading class java/util/zip/ZipInputStream done
Event: 5.589 loading class java/util/jar/JarInputStream done
Event: 5.589 loading class java/io/PushbackInputStream
Event: 5.589 loading class java/io/PushbackInputStream done
Event: 5.589 loading class sun/security/util/ManifestEntryVerifier
Event: 5.590 loading class sun/security/util/ManifestEntryVerifier done
Event: 5.591 loading class java/lang/ProcessBuilder
Event: 5.591 loading class java/lang/ProcessBuilder done
Event: 5.591 loading class java/lang/ProcessImpl
Event: 5.592 loading class java/lang/ProcessImpl done
Event: 5.599 loading class java/lang/ProcessImpl$2
Event: 5.599 loading class java/lang/ProcessImpl$2 done
Event: 5.599 loading class java/lang/Process$PipeInputStream
Event: 5.599 loading class java/lang/Process$PipeInputStream done
Event: 5.599 loading class jdk/internal/event/ProcessStartEvent
Event: 5.599 loading class jdk/internal/event/ProcessStartEvent done


Dynamic libraries:
0x00007ff751b00000 - 0x00007ff751b10000 	C:\Program Files\Java\jdk-17\bin\java.exe
0x00007ffe3cb60000 - 0x00007ffe3cdc7000 	C:\WINDOWS\SYSTEM32\ntdll.dll
0x00007ffe3b270000 - 0x00007ffe3b33b000 	C:\WINDOWS\System32\KERNEL32.DLL
0x00007ffe39f70000 - 0x00007ffe3a372000 	C:\WINDOWS\System32\KERNELBASE.dll
0x00007ffe39d60000 - 0x00007ffe39eac000 	C:\WINDOWS\System32\ucrtbase.dll
0x00007ffe0ec90000 - 0x00007ffe0eca9000 	C:\Program Files\Java\jdk-17\bin\jli.dll
0x00007ffe0ecb0000 - 0x00007ffe0eccb000 	C:\Program Files\Java\jdk-17\bin\VCRUNTIME140.dll
0x00007ffe3ca50000 - 0x00007ffe3cb0c000 	C:\WINDOWS\System32\ADVAPI32.dll
0x00007ffe3b550000 - 0x00007ffe3b5f9000 	C:\WINDOWS\System32\msvcrt.dll
0x00007ffe3c8b0000 - 0x00007ffe3c959000 	C:\WINDOWS\System32\sechost.dll
0x00007ffe3a880000 - 0x00007ffe3a998000 	C:\WINDOWS\System32\RPCRT4.dll
0x00007ffe3b350000 - 0x00007ffe3b51f000 	C:\WINDOWS\System32\USER32.dll
0x00007ffe3a850000 - 0x00007ffe3a877000 	C:\WINDOWS\System32\win32u.dll
0x00007ffe1ecf0000 - 0x00007ffe1ef80000 	C:\WINDOWS\WinSxS\amd64_microsoft.windows.common-controls_6595b64144ccf1df_6.0.26100.9278_none_3e0d1ba8e3303201\COMCTL32.dll
0x00007ffe3ab60000 - 0x00007ffe3ab8b000 	C:\WINDOWS\System32\GDI32.dll
0x00007ffe3a440000 - 0x00007ffe3a569000 	C:\WINDOWS\System32\gdi32full.dll
0x00007ffe39ec0000 - 0x00007ffe39f63000 	C:\WINDOWS\System32\msvcp_win.dll
0x00007ffe1fc20000 - 0x00007ffe1fc2b000 	C:\WINDOWS\SYSTEM32\VERSION.dll
0x00007ffe3ba00000 - 0x00007ffe3ba31000 	C:\WINDOWS\System32\IMM32.DLL
0x00007ffe19ed0000 - 0x00007ffe19edc000 	C:\Program Files\Java\jdk-17\bin\vcruntime140_1.dll
0x00007ffdec0e0000 - 0x00007ffdec16e000 	C:\Program Files\Java\jdk-17\bin\msvcp140.dll
0x00007ffd7f120000 - 0x00007ffd7fd00000 	C:\Program Files\Java\jdk-17\bin\server\jvm.dll
0x00007ffe3ca40000 - 0x00007ffe3ca48000 	C:\WINDOWS\System32\PSAPI.DLL
0x00007ffe24280000 - 0x00007ffe2428a000 	C:\WINDOWS\SYSTEM32\WSOCK32.dll
0x00007ffe2e9d0000 - 0x00007ffe2ea06000 	C:\WINDOWS\SYSTEM32\WINMM.dll
0x00007ffe3b970000 - 0x00007ffe3b9f0000 	C:\WINDOWS\System32\WS2_32.dll
0x00007ffe38a30000 - 0x00007ffe38a4b000 	C:\WINDOWS\SYSTEM32\kernel.appcore.dll
0x00007ffe15d40000 - 0x00007ffe15d4a000 	C:\Program Files\Java\jdk-17\bin\jimage.dll
0x00007ffe37280000 - 0x00007ffe374cc000 	C:\WINDOWS\SYSTEM32\DBGHELP.DLL
0x00007ffe3bbe0000 - 0x00007ffe3bf65000 	C:\WINDOWS\System32\combase.dll
0x00007ffe3c960000 - 0x00007ffe3ca39000 	C:\WINDOWS\System32\OLEAUT32.dll
0x00007ffe26030000 - 0x00007ffe2606b000 	C:\WINDOWS\SYSTEM32\dbgcore.DLL
0x00007ffe3a380000 - 0x00007ffe3a42c000 	C:\WINDOWS\System32\bcryptPrimitives.dll
0x00007ffe0ec60000 - 0x00007ffe0ec85000 	C:\Program Files\Java\jdk-17\bin\java.dll
0x00007ffddc070000 - 0x00007ffddc147000 	C:\Program Files\Java\jdk-17\bin\jsvml.dll
0x00007ffe3bf70000 - 0x00007ffe3c708000 	C:\WINDOWS\System32\SHELL32.dll
0x00007ffe37660000 - 0x00007ffe37f0e000 	C:\WINDOWS\SYSTEM32\windows.storage.dll
0x00007ffe3b690000 - 0x00007ffe3b78b000 	C:\WINDOWS\System32\SHCORE.dll
0x00007ffe3a9f0000 - 0x00007ffe3aa56000 	C:\WINDOWS\System32\shlwapi.dll
0x00007ffe39c80000 - 0x00007ffe39ca9000 	C:\WINDOWS\SYSTEM32\profapi.dll
0x00007ffe01c60000 - 0x00007ffe01c79000 	C:\Program Files\Java\jdk-17\bin\net.dll
0x00007ffe2e680000 - 0x00007ffe2e7aa000 	C:\WINDOWS\SYSTEM32\WINHTTP.dll
0x00007ffe38ff0000 - 0x00007ffe3905c000 	C:\WINDOWS\system32\mswsock.dll
0x00007ffe00eb0000 - 0x00007ffe00ec6000 	C:\Program Files\Java\jdk-17\bin\nio.dll
0x00007ffdfe680000 - 0x00007ffdfe698000 	C:\Program Files\Java\jdk-17\bin\zip.dll
0x00007ffe23420000 - 0x00007ffe2342a000 	C:\Program Files\Java\jdk-17\bin\management.dll
0x00007ffe0ec50000 - 0x00007ffe0ec5b000 	C:\Program Files\Java\jdk-17\bin\management_ext.dll
0x00007ffe15870000 - 0x00007ffe1587e000 	C:\Program Files\Java\jdk-17\bin\sunmscapi.dll
0x00007ffe3a6c0000 - 0x00007ffe3a83e000 	C:\WINDOWS\System32\CRYPT32.dll
0x00007ffe39520000 - 0x00007ffe39550000 	C:\WINDOWS\SYSTEM32\ncrypt.dll
0x00007ffe394d0000 - 0x00007ffe3950f000 	C:\WINDOWS\SYSTEM32\NTASN1.dll
0x00007ffe392e0000 - 0x00007ffe392fb000 	C:\WINDOWS\SYSTEM32\CRYPTSP.dll
0x00007ffe38990000 - 0x00007ffe389c9000 	C:\WINDOWS\system32\rsaenh.dll
0x00007ffe390a0000 - 0x00007ffe390d4000 	C:\WINDOWS\SYSTEM32\USERENV.dll
0x00007ffe39c50000 - 0x00007ffe39c7a000 	C:\WINDOWS\SYSTEM32\bcrypt.dll
0x00007ffe39300000 - 0x00007ffe3930c000 	C:\WINDOWS\SYSTEM32\CRYPTBASE.dll
0x00007ffe38450000 - 0x00007ffe38483000 	C:\WINDOWS\SYSTEM32\IPHLPAPI.DLL
0x00007ffe3b340000 - 0x00007ffe3b34a000 	C:\WINDOWS\System32\NSI.dll
0x00007ffe2e9a0000 - 0x00007ffe2e9bd000 	C:\WINDOWS\SYSTEM32\dhcpcsvc6.DLL
0x00007ffe2e970000 - 0x00007ffe2e995000 	C:\WINDOWS\SYSTEM32\dhcpcsvc.DLL
0x00007ffe384f0000 - 0x00007ffe38648000 	C:\WINDOWS\SYSTEM32\DNSAPI.dll
0x00007ffe38dd0000 - 0x00007ffe38ddd000 	C:\WINDOWS\SYSTEM32\DSPARSE.dll
0x00007ffe2e460000 - 0x00007ffe2e46b000 	C:\Windows\System32\rasadhlp.dll
0x00007ffe30750000 - 0x00007ffe307d6000 	C:\WINDOWS\System32\fwpuclnt.dll

dbghelp: loaded successfully - version: 4.0.5 - missing functions: none
symbol engine: initialized successfully - sym options: 0x614 - pdb path: .;C:\Program Files\Java\jdk-17\bin;C:\WINDOWS\SYSTEM32;C:\WINDOWS\WinSxS\amd64_microsoft.windows.common-controls_6595b64144ccf1df_6.0.26100.9278_none_3e0d1ba8e3303201;C:\Program Files\Java\jdk-17\bin\server

VM Arguments:
java_command: C:\Users\RIADH\AppData\Local\Temp\surefire1285913882747735483\surefirebooter-20260927222726693_3.jar C:\Users\RIADH\AppData\Local\Temp\surefire1285913882747735483 2026-09-27T22-27-26_498-jvmRun1 surefire-20260927222726693_1tmp surefire_0-20260927222726693_2tmp
java_class_path (initial): C:\Users\RIADH\AppData\Local\Temp\surefire1285913882747735483\surefirebooter-20260927222726693_3.jar
Launcher Type: SUN_STANDARD

[Global flags]
     intx CICompilerCount                          = 4                                         {product} {ergonomic}
     uint ConcGCThreads                            = 3                                         {product} {ergonomic}
     uint G1ConcRefinementThreads                  = 10                                        {product} {ergonomic}
   size_t G1HeapRegionSize                         = 2097152                                   {product} {ergonomic}
    uintx GCDrainStackTargetSize                   = 64                                        {product} {ergonomic}
   size_t InitialHeapSize                          = 264241152                                 {product} {ergonomic}
   size_t MarkStackSize                            = 4194304                                   {product} {ergonomic}
   size_t MaxHeapSize                              = 4213178368                                {product} {ergonomic}
   size_t MaxNewSize                               = 2527068160                                {product} {ergonomic}
   size_t MinHeapDeltaBytes                        = 2097152                                   {product} {ergonomic}
   size_t MinHeapSize                              = 8388608                                   {product} {ergonomic}
    uintx NonNMethodCodeHeapSize                   = 5839372                                {pd product} {ergonomic}
    uintx NonProfiledCodeHeapSize                  = 122909434                              {pd product} {ergonomic}
    uintx ProfiledCodeHeapSize                     = 122909434                              {pd product} {ergonomic}
    uintx ReservedCodeCacheSize                    = 251658240                              {pd product} {ergonomic}
     bool SegmentedCodeCache                       = true                                      {product} {ergonomic}
   size_t SoftMaxHeapSize                          = 4213178368                             {manageable} {ergonomic}
     bool UseCompressedClassPointers               = true                           {product lp64_product} {ergonomic}
     bool UseCompressedOops                        = true                           {product lp64_product} {ergonomic}
     bool UseG1GC                                  = true                                      {product} {ergonomic}
     bool UseLargePagesIndividualAllocation        = false                                  {pd product} {ergonomic}

Logging:
Log output configuration:
 #0: stdout all=warning uptime,level,tags
 #1: stderr all=off uptime,level,tags

Environment Variables:
JAVA_HOME=C:\Program Files\Java\jdk-17
PATH=C:\Program Files\Common Files\Oracle\Java\javapath;C:\Users\RIADH\AppData\Roaming\npm;C:\Program Files\PostgreSQL\18\bin;C:\oraclexe\app\oracle\product\11.2.0\server\bin;C:\WINDOWS\system32;C:\WINDOWS;C:\WINDOWS\System32\Wbem;C:\WINDOWS\System32\WindowsPowerShell\v1.0\;C:\WINDOWS\System32\OpenSSH\;C:\Users\RIADH\Downloads\apache-maven-3.9.9-bin\apache-maven-3.9.9\bin;C:\\Users\\RIADH\\.jdks\\openjdk-24.0.1\bin;C:\xampp\php;C:\ProgramData\ComposerSetup\bin;C:\Users\RIADH\Downloads\symfony-cli_windows_amd64;C:\Program Files\Git\cmd;C:\Program Files\apache-maven-3.9.16\bin;C:\\Users\\RIADH\\.jdks\\openjdk-24.0.1\bin;C:\Program Files\apache-maven-3.9.16\bin;;%JAVA_HOME%\bin;C:\Program Files\MySQL\MySQL Shell 8.0\bin\;C:\Users\RIADH\AppData\Local\Programs\Python\Launcher\;C:\Users\RIADH\Desktop;C:\Program Files\Common Files\Oracle\Java\javapath;C:\Users\RIADH\AppData\Roaming\npm;C:\Program Files\PostgreSQL\18\bin;C:\oraclexe\app\oracle\product\11.2.0\server\bin;C:\WINDOWS\system32;C:\WINDOWS;C:\WINDOWS\System32\Wbem;C:\WINDOWS\System32\WindowsPowerShell\v1.0\;C:\WINDOWS\System32\OpenSSH\;C:\Users\RIADH\Downloads\apache-maven-3.9.9-bin\apache-maven-3.9.9\bin;C:\\Users\\RIADH\\.jdks\\openjdk-24.0.1\bin;C:\xampp\php;C:\ProgramData\ComposerSetup\bin;C:\Users\RIADH\Downloads\symfony-cli_windows_amd64;C:\Program Files\Git\cmd;C:\Program Files\apache-maven-3.9.16\bin;C:\\Users\\RIADH\\.jdks\\openjdk-24.0.1\bin;C:\Program Files\apache-maven-3.9.16\bin;;%JAVA_HOME%\bin;C:\Program Files\Java\jdk-17\\bin;C:\Users\RIADH\AppData\Local\GitHubDesktop\bin;C:\Program Files\nodejs\;C:\Users\RIADH\AppData\Local\Programs\Python\Python314\python.exe;C:\Users\RIADH\AppData\Local\Kingsoft\WPS Office\12.1.0.27458\clitool;C:\Program Files\JetBrains\IntelliJ IDEA 2026.2.3\bin
USERNAME=SARA
OS=Windows_NT
PROCESSOR_IDENTIFIER=Intel64 Family 6 Model 154 Stepping 4, GenuineIntel



---------------  S Y S T E M  ---------------

OS:
 Windows 11 , 64 bit Build 26100 (10.0.26100.9444)
OS uptime: 2 days 1:48 hours

CPU: total 12 (initial active 12) (12 cores per cpu, 1 threads per core) family 6 model 154 stepping 4 microcode 0x42c, cx8, cmov, fxsr, mmx, 3dnowpref, sse, sse2, sse3, ssse3, sse4.1, sse4.2, popcnt, lzcnt, tsc, tscinvbit, avx, avx2, aes, erms, clmul, bmi1, bmi2, adx, sha, fma, vzeroupper, clflush, clflushopt, clwb

Memory: 4k page, system-wide physical 16069M (2365M free)
TotalPageFile size 20165M (AvailPageFile size 323M)
current process WorkingSet (physical memory assigned to process): 297M, peak: 306M
current process commit charge ("private bytes"): 337M, peak: 408M

vm_info: Java HotSpot(TM) 64-Bit Server VM (17.0.12+8-LTS-286) for windows-amd64 JRE (17.0.12+8-LTS-286), built on Jun  5 2024 06:46:59 by "mach5one" with MS VC++ 17.6 (VS2022)

END.
